Microchip MPLAB XC8 Compiler V2.41

Linker command line:

-W-3 \
  --edf=C:\Program Files\Microchip\xc8\v2.41\pic\dat\20230208172133_en.msgs \
  -cn -h+dist/default/production\application.X.production.sym \
  --cmf=dist/default/production\application.X.production.cmf -z -Q18F4620 \
  -oC:\Users\metro\AppData\Local\Temp\xcAs1i4.\driver_tmp_3.o \
  --defsym=__MPLAB_BUILD=1 --fixupoverflow=error \
  -Mdist/default/production/application.X.production.map \
  --md=C:\Users\metro\AppData\Local\Temp\xcAs1i4.\driver_tmp_0.dat -E1 \
  -ver=XC8 Compiler --acfsm=1493 -ACODE=00h-0FFFFh -ACONST=00h-0FFFFh \
  -ASMALLCONST=01000h-010FFhx240 -AMEDIUMCONST=01000h-0FFFFh \
  -ACOMRAM=01h-07Fh -AABS1=00h-0F7Fh -ABIGRAM=01h-0F7Fh \
  -ARAM=080h-0FFh,0100h-01FFhx14,0F00h-0F7Fh -ABANK0=080h-0FFh \
  -ABANK1=0100h-01FFh -ABANK2=0200h-02FFh -ABANK3=0300h-03FFh \
  -ABANK4=0400h-04FFh -ABANK5=0500h-05FFh -ABANK6=0600h-06FFh \
  -ABANK7=0700h-07FFh -ABANK8=0800h-08FFh -ABANK9=0900h-09FFh \
  -ABANK10=0A00h-0AFFh -ABANK11=0B00h-0BFFh -ABANK12=0C00h-0CFFh \
  -ABANK13=0D00h-0DFFh -ABANK14=0E00h-0EFFh -ABANK15=0F00h-0F7Fh \
  -ASFR=0F80h-0FFFh -ABIGSFR=0F80h-0FFFh -ACONFIG=0300000h-030000Dh \
  -AIDLOC=0200000h-0200007h -AEEDATA=0F00000h-0F003FFh -peeprom_data=EEDATA \
  -preset_vec=00h,intcode=08h,intcodelo=018h,powerup,init -pramtop=01000h \
  -psmallconst=SMALLCONST -pmediumconst=MEDIUMCONST -pconst=CONST \
  -AFARRAM=00h-00h \
  -prdata=COMRAM,nvrram=COMRAM,nvbit=COMRAM,rbss=COMRAM,rbit=COMRAM \
  -pfarbss=FARRAM,fardata=FARRAM,nvFARRAM=FARRAM \
  -pintsave_regs=BIGRAM,bigbss=BIGRAM,bigdata=BIGRAM -pbss=RAM \
  -pidata=CODE,irdata=CODE,ibigdata=CODE,ifardata=CODE -prparam=COMRAM \
  C:\Users\metro\AppData\Local\Temp\xcAs1i4.\driver_tmp_9.o \
  dist/default/production\application.X.production.o 

Object code version is 3.11

Machine type is 18F4620



                Name                               Link     Load   Length Selector   Space Scale
C:\Users\metro\AppData\Local\Temp\xcAs1i4.\driver_tmp_9.o
                idloc                            200000   200000        8        0       5
                config                           300000   300000        E        0       4
                init                                 96       96        4        C       0
                reset_vec                             0        0        4        0       0
dist/default/production\application.X.production.o
                intcodelo                            18       18       7E        C       0
                intcode                               8        8        6        4       0
                idloc                            200000   200000        8        0       5
                config                           300000   300000        E        0       4
                temp                                 6D       6D        1        1       1
                smallconst                         1000     1000       16      800       0
                text40                             19EC     19EC       76      80B       0
                text39                             1E78     1E78       12      80B       0
                text38                             1DDC     1DDC       2E      80B       0
                text37                             1C52     1C52       58      80B       0
                text36                             1DAE     1DAE       2E      80B       0
                text35                             1EFA     1EFA        4      F4E       0
                text34                             1EF6     1EF6        4      F4E       0
                text33                             1E66     1E66       12      80B       0
                text32                             1EBC     1EBC       10      F4E       0
                text31                             1E54     1E54       12      80B       0
                text30                             1EAC     1EAC       10      F4E       0
                text29                             1ED8     1ED8        C      F4E       0
                text28                             1EE4     1EE4        A      F4E       0
                text27                             1E9C     1E9C       10      F4E       0
                text26                             1D80     1D80       2E      80B       0
                intcode_body                       1292     1292      126      80B       0
                text24                             1E42     1E42       12      80B       0
                text23                             1D52     1D52       2E      80B       0
                text22                             1976     1976       76      80B       0
                text21                             1B36     1B36       62      80B       0
                text20                             1D24     1D24       2E      80B       0
                text19                             1EF2     1EF2        4      F4E       0
                text17                             18FE     18FE       78      80B       0
                text16                             1BF8     1BF8       5A      80B       0
                text15                             13B8     13B8       FE      80B       0
                text14                             1666     1666       D4      80B       0
                text13                             14B6     14B6       DC      80B       0
                text12                             1882     1882       7C      80B       0
                text11                             1EEE     1EEE        4      F4E       0
                text10                             173A     173A       BC      80B       0
                text9                              1016     1016      14A      80B       0
                text8                              1160     1160      132      80B       0
                text7                              1A62     1A62       72      80B       0
                text6                              1B98     1B98       60      80B       0
                text5                              17F6     17F6       8C      80B       0
                text4                              1E2E     1E2E       14      80B       0
                text3                              1CAA     1CAA       40      80B       0
                text2                              1592     1592       D4      80B       0
                text1                              1CEA     1CEA       3A      80B       0
                text0                              1ECC     1ECC        C      F4E       0
                cstackCOMRAM                         51       51       1B        1       1
                cstackBANK0                          A6       A6       11       80       1
                dataBANK0                            95       95       11       80       1
                bssBANK0                             80       80       15       80       1
                dataCOMRAM                           2D       2D       24        1       1
                bssCOMRAM                             1        1       2C        1       1
                cinit                              1AD4     1AD4       62      80B       0
                nvCOMRAM                             6C       6C        1        1       1
                idataBANK0                         1E8A     1E8A       11      80B       0
                idataCOMRAM                        1E0A     1E0A       24      80B       0

TOTAL           Name                               Link     Load   Length     Space
        CLASS   CODE           
                intcodelo                            18       18       7E         0
                intcode                               8        8        6         0
                init                                 96       96        4         0
                reset_vec                             0        0        4         0
                text40                             19EC     19EC       76         0
                text39                             1E78     1E78       12         0
                text38                             1DDC     1DDC       2E         0
                text37                             1C52     1C52       58         0
                text36                             1DAE     1DAE       2E         0
                text35                             1EFA     1EFA        4         0
                text34                             1EF6     1EF6        4         0
                text33                             1E66     1E66       12         0
                text32                             1EBC     1EBC       10         0
                text31                             1E54     1E54       12         0
                text30                             1EAC     1EAC       10         0
                text29                             1ED8     1ED8        C         0
                text28                             1EE4     1EE4        A         0
                text27                             1E9C     1E9C       10         0
                text26                             1D80     1D80       2E         0
                intcode_body                       1292     1292      126         0
                text24                             1E42     1E42       12         0
                text23                             1D52     1D52       2E         0
                text22                             1976     1976       76         0
                text21                             1B36     1B36       62         0
                text20                             1D24     1D24       2E         0
                text19                             1EF2     1EF2        4         0
                text17                             18FE     18FE       78         0
                text16                             1BF8     1BF8       5A         0
                text15                             13B8     13B8       FE         0
                text14                             1666     1666       D4         0
                text13                             14B6     14B6       DC         0
                text12                             1882     1882       7C         0
                text11                             1EEE     1EEE        4         0
                text10                             173A     173A       BC         0
                text9                              1016     1016      14A         0
                text8                              1160     1160      132         0
                text7                              1A62     1A62       72         0
                text6                              1B98     1B98       60         0
                text5                              17F6     17F6       8C         0
                text4                              1E2E     1E2E       14         0
                text3                              1CAA     1CAA       40         0
                text2                              1592     1592       D4         0
                text1                              1CEA     1CEA       3A         0
                text0                              1ECC     1ECC        C         0
                cinit                              1AD4     1AD4       62         0
                idataBANK0                         1E8A     1E8A       11         0
                idataCOMRAM                        1E0A     1E0A       24         0

        CLASS   CONST          

        CLASS   SMALLCONST     
                smallconst                         1000     1000       16         0

        CLASS   MEDIUMCONST    

        CLASS   COMRAM         
                temp                                 6D       6D        1         1
                cstackCOMRAM                         51       51       1B         1
                dataCOMRAM                           2D       2D       24         1
                bssCOMRAM                             1        1       2C         1
                nvCOMRAM                             6C       6C        1         1

        CLASS   ABS1           

        CLASS   BIGRAM         

        CLASS   RAM            

        CLASS   BANK0          
                cstackBANK0                          A6       A6       11         1
                dataBANK0                            95       95       11         1
                bssBANK0                             80       80       15         1

        CLASS   BANK1          

        CLASS   BANK2          

        CLASS   BANK3          

        CLASS   BANK4          

        CLASS   BANK5          

        CLASS   BANK6          

        CLASS   BANK7          

        CLASS   BANK8          

        CLASS   BANK9          

        CLASS   BANK10         

        CLASS   BANK11         

        CLASS   BANK12         

        CLASS   BANK13         

        CLASS   BANK14         

        CLASS   BANK15         

        CLASS   SFR            

        CLASS   BIGSFR         

        CLASS   CONFIG         
                config                           300000   300000        E         4

        CLASS   IDLOC          
                idloc                            200000   200000        8         5

        CLASS   EEDATA         

        CLASS   FARRAM         

        CLASS   HEAP           

        CLASS   STACK          



SEGMENTS        Name                           Load    Length   Top    Selector   Space  Class

                reset_vec                      000000  000004  000004         0       0  CODE    
                bssCOMRAM                      000001  00006D  00006E         1       1  COMRAM  
                intcode                        000008  000006  00000E         4       0  CODE    
                intcodelo                      000018  000082  00009A         C       0  CODE    
                bssBANK0                       000080  000037  0000B7        80       1  BANK0   
                smallconst                     001000  000016  001016       800       0  SMALLCON
                text9                          001016  000E85  001E9B       80B       0  CODE    
                text27                         001E9C  000062  001EFE       F4E       0  CODE    


UNUSED ADDRESS RANGES

        Name                Unused          Largest block    Delta
        BANK0            0000B7-0000FF               49
        BANK1            000100-0001FF              100
        BANK10           000A00-000AFF              100
        BANK11           000B00-000BFF              100
        BANK12           000C00-000CFF              100
        BANK13           000D00-000DFF              100
        BANK14           000E00-000EFF              100
        BANK15           000F00-000F7F               80
        BANK2            000200-0002FF              100
        BANK3            000300-0003FF              100
        BANK4            000400-0004FF              100
        BANK5            000500-0005FF              100
        BANK6            000600-0006FF              100
        BANK7            000700-0007FF              100
        BANK8            000800-0008FF              100
        BANK9            000900-0009FF              100
        BIGRAM           00006E-00007F               12
                         0000B7-000F7F              EC9
        BIGSFR           000F80-000FFF               80
        CODE             000004-000007                4
                         00000E-000017                A
                         00009A-000FFF              F66
                         001E9B-001E9B                1
                         001EFE-00FFFF             E102
        COMRAM           00006E-00007F               12
        CONST            000004-000007                4
                         00000E-000017                A
                         00009A-000FFF              F66
                         001E9B-001E9B                1
                         001EFE-00FFFF             E102
        EEDATA           F00000-F003FF              400
        MEDIUMCONST      001E9B-001E9B                1
                         001EFE-00FFFF             E102
        RAM              0000B7-000F7F              100
        SFR              000F80-000FFF               80
        SMALLCONST       001E9B-001E9B                1
                         001EFE-00FFFF              100

                                  Symbol Table

CCP_Capture_Mode_Select@_ccp_config                cstackBANK0  0000A6
CCP_Capture_Mode_Select@ret                        cstackBANK0  0000AA
CCP_Compare_Mode_Select@_ccp_config                cstackBANK0  0000A6
CCP_Compare_Mode_Select@ret                        cstackBANK0  0000AA
CCP_Cpt_Cmp_Timer_Select@_ccp_config               cstackBANK0  0000A6
CCP_Cpt_Cmp_Timer_Select@ret                       cstackBANK0  0000A9
CCP_Disable@_ccp_config                            cstackBANK0  0000A6
CCP_Disable@ret                                    cstackBANK0  0000A9
CCP_Intr_Config@_ccp_config                        cstackBANK0  0000A6
CCP_Mode_Select@_ccp_config                        cstackBANK0  0000AB
CCP_Mode_Select@ret                                cstackBANK0  0000AE
CCP_PWM_Mode_Select@_ccp_config                    cstackBANK0  0000A6
Timer0_Mode_Select@F2936                           dataCOMRAM   000043
Timer0_Preload_Config@preload_value                cstackCOMRAM 000051
Timer1_Mode_Select@F2932                           dataCOMRAM   000042
Timer1_Preload_Config@preload_value                cstackCOMRAM 000051
Timer2_Preload_Config@preload_value                cstackCOMRAM 000051
Timer3_Mode_Select@F2928                           dataCOMRAM   000041
Timer3_Mode_Select@_T13CKI_config                  cstackBANK0  0000B1
Timer3_Mode_Select@_timer3_config                  cstackBANK0  0000AF
Timer3_Preload_Config@preload_value                cstackBANK0  0000A6
Timer3_RW_Mode_Config@_timer3_config               cstackBANK0  0000A6
_ADCON0bits                                        (abs)        000FC2
_ADCON1bits                                        (abs)        000FC1
_ADCON2bits                                        (abs)        000FC0
_ADRESH                                            (abs)        000FC4
_ADRESL                                            (abs)        000FC3
_CCP1CONbits                                       (abs)        000FBD
_CCP1_App_ISR                                      text21       001B36
_CCP1_App_ISR$intlevel1                            text21       001B40
_CCP1_ISR                                          text20       001D24
_CCP1_InterruptHandler                             bssCOMRAM    000005
_CCP2CONbits                                       (abs)        000FBA
_CCP2_ISR                                          text36       001DAE
_CCP2_InterruptHandler                             bssCOMRAM    000003
_CCPR1H                                            (abs)        000FBF
_CCPR1L                                            (abs)        000FBE
_CCPR2H                                            (abs)        000FBC
_CCPR2L                                            (abs)        000FBB
_CCP_Capture_Mode_Select                           text14       001666
_CCP_Compare_Mode_Select                           text13       0014B6
_CCP_Cpt_Cmp_Timer_Select                          text12       001882
_CCP_Disable                                       text16       001BF8
_CCP_Intr_Config                                   text15       0013B8
_CCP_Mode_Select                                   text10       00173A
_CCP_PWM_Mode_Select                               text11       001EEE
_EEADR                                             (abs)        000FA9
_EEADRH                                            (abs)        000FAA
_EECON1bits                                        (abs)        000FA6
_EECON2                                            (abs)        000FA7
_EEDATA                                            (abs)        000FA8
_INT0_ISR                                          text35       001EFA
_INT0_InterruptHandler                             bssCOMRAM    000029
_INT1_ISR                                          text19       001EF2
_INT1_InterruptHandler                             bssCOMRAM    000027
_INT2_ISR                                          text34       001EF6
_INT2_InterruptHandler                             bssCOMRAM    000025
_INTCON2bits                                       (abs)        000FF1
_INTCON3bits                                       (abs)        000FF0
_INTCONbits                                        (abs)        000FF2
_IPR1bits                                          (abs)        000F9F
_IPR2bits                                          (abs)        000FA2
_InterruptManagerHigh                              intcode      000008
_InterruptManagerLow                               intcodelo    000018
_LATA                                              (abs)        000F89
_LATB                                              (abs)        000F8A
_LATC                                              (abs)        000F8B
_LATD                                              (abs)        000F8C
_LATE                                              (abs)        000F8D
_PIE1bits                                          (abs)        000F9D
_PIE2bits                                          (abs)        000FA0
_PIR1bits                                          (abs)        000F9E
_PIR2bits                                          (abs)        000FA1
_PORTA                                             (abs)        000F80
_PORTB                                             (abs)        000F81
_PORTC                                             (abs)        000F82
_PORTD                                             (abs)        000F83
_PORTE                                             (abs)        000F84
_RB4_InterruptHandler_High                         bssCOMRAM    000021
_RB4_InterruptHandler_Low                          bssCOMRAM    000023
_RB4_flag                                          dataCOMRAM   000047
_RB5_InterruptHandler_High                         bssCOMRAM    00001D
_RB5_InterruptHandler_Low                          bssCOMRAM    00001F
_RB5_flag                                          dataCOMRAM   000046
_RB6_InterruptHandler_High                         bssCOMRAM    000019
_RB6_InterruptHandler_Low                          bssCOMRAM    00001B
_RB6_flag                                          dataCOMRAM   000045
_RB7_InterruptHandler_High                         bssCOMRAM    000015
_RB7_InterruptHandler_Low                          bssCOMRAM    000017
_RB7_flag                                          dataCOMRAM   000044
_RCONbits                                          (abs)        000FD0
_T0CONbits                                         (abs)        000FD5
_T1CONbits                                         (abs)        000FCD
_T2CONbits                                         (abs)        000FCA
_T3CONbits                                         (abs)        000FB1
_TIMER0_ISR                                        text32       001EBC
_TIMER1_ISR                                        text30       001EAC
_TIMER2_ISR                                        text28       001EE4
_TIMER3_ISR                                        text27       001E9C
_TMR0H                                             (abs)        000FD7
_TMR0L                                             (abs)        000FD6
_TMR1H                                             (abs)        000FCF
_TMR1L                                             (abs)        000FCE
_TMR2                                              (abs)        000FCC
_TMR3H                                             (abs)        000FB3
_TMR3L                                             (abs)        000FB2
_TRISA                                             (abs)        000F92
_TRISB                                             (abs)        000F93
_TRISC                                             (abs)        000F94
_TRISD                                             (abs)        000F95
_TRISE                                             (abs)        000F96
_Timer0_InterruptHandler                           bssCOMRAM    000013
_Timer0_Preload_Config                             text33       001E66
_Timer1_InterruptHandler                           bssCOMRAM    00000F
_Timer1_Preload_Config                             text31       001E54
_Timer2_InterruptHandler                           bssCOMRAM    00000B
_Timer2_Preload_Config                             text29       001ED8
_Timer3_InterruptHandler                           bssCOMRAM    000009
_Timer3_Mode_Select                                text5        0017F6
_Timer3_Preload_Config                             text4        001E2E
_Timer3_RW_Mode_Config                             text3        001CAA
__HRAM                                             (abs)        000000
__H__absolute__                                    __absolute__ 000000
__Habs1                                            abs1         000000
__Hbank0                                           bank0        000000
__Hbank1                                           bank1        000000
__Hbank10                                          bank10       000000
__Hbank11                                          bank11       000000
__Hbank12                                          bank12       000000
__Hbank13                                          bank13       000000
__Hbank14                                          bank14       000000
__Hbank15                                          bank15       000000
__Hbank2                                           bank2        000000
__Hbank3                                           bank3        000000
__Hbank4                                           bank4        000000
__Hbank5                                           bank5        000000
__Hbank6                                           bank6        000000
__Hbank7                                           bank7        000000
__Hbank8                                           bank8        000000
__Hbank9                                           bank9        000000
__Hbigbss                                          bigbss       000000
__Hbigdata                                         bigdata      000000
__Hbigram                                          bigram       000000
__Hbigsfr                                          bigsfr       000000
__Hbss                                             bss          000000
__HbssBANK0                                        bssBANK0     000000
__HbssCOMRAM                                       bssCOMRAM    000000
__Hcinit                                           cinit        000000
__Hclrtext                                         clrtext      000000
__Hcomram                                          comram       000000
__Hconfig                                          config       30000E
__Hconst                                           const        000000
__HcstackBANK0                                     cstackBANK0  000000
__HcstackCOMRAM                                    cstackCOMRAM 000000
__Hdata                                            data         000000
__HdataBANK0                                       dataBANK0    000000
__HdataCOMRAM                                      dataCOMRAM   000000
__Heeprom_data                                     eeprom_data  000000
__Hfarbss                                          farbss       000000
__Hfardata                                         fardata      000000
__Hheap                                            heap         000000
__Hibigdata                                        ibigdata     000000
__Hidata                                           idata        000000
__HidataBANK0                                      idataBANK0   000000
__HidataCOMRAM                                     idataCOMRAM  000000
__Hidloc                                           idloc        200008
__Hifardata                                        ifardata     000000
__Hinit                                            init         00009A
__Hintcode                                         intcode      00000E
__Hintcode_body                                    intcode_body 000000
__Hintcodelo                                       intcodelo    000096
__Hintentry                                        intentry     000000
__Hintret                                          intret       000000
__Hintsave_regs                                    intsave_regs 000000
__Hirdata                                          irdata       000000
__Hmediumconst                                     mediumconst  000000
__HnvCOMRAM                                        nvCOMRAM     000000
__HnvFARRAM                                        nvFARRAM     000000
__Hnvbit                                           nvbit        000000
__Hnvrram                                          nvrram       000000
__Hparam                                           rparam       000000
__Hpowerup                                         powerup      000096
__Hram                                             ram          000000
__Hramtop                                          ramtop       001000
__Hrbit                                            rbit         000000
__Hrbss                                            rbss         000000
__Hrdata                                           rdata        000000
__Hreset_vec                                       reset_vec    000004
__Hrparam                                          rparam       000000
__Hsfr                                             sfr          000000
__Hsmallconst                                      smallconst   001016
__Hspace_0                                         (abs)        001EFE
__Hspace_1                                         (abs)        0000B7
__Hspace_2                                         (abs)        000000
__Hspace_4                                         (abs)        60000E
__Hstack                                           stack        000000
__Hstruct                                          struct       000000
__Htemp                                            temp         00006E
__Htext                                            text         000000
__Htext0                                           text0        000000
__Htext1                                           text1        000000
__Htext10                                          text10       000000
__Htext11                                          text11       000000
__Htext12                                          text12       000000
__Htext13                                          text13       000000
__Htext14                                          text14       000000
__Htext15                                          text15       000000
__Htext16                                          text16       000000
__Htext17                                          text17       000000
__Htext19                                          text19       000000
__Htext2                                           text2        000000
__Htext20                                          text20       000000
__Htext21                                          text21       000000
__Htext22                                          text22       000000
__Htext23                                          text23       000000
__Htext24                                          text24       000000
__Htext26                                          text26       000000
__Htext27                                          text27       000000
__Htext28                                          text28       000000
__Htext29                                          text29       000000
__Htext3                                           text3        000000
__Htext30                                          text30       000000
__Htext31                                          text31       000000
__Htext32                                          text32       000000
__Htext33                                          text33       000000
__Htext34                                          text34       000000
__Htext35                                          text35       000000
__Htext36                                          text36       000000
__Htext37                                          text37       000000
__Htext38                                          text38       000000
__Htext39                                          text39       000000
__Htext4                                           text4        000000
__Htext40                                          text40       000000
__Htext41                                          text41       000000
__Htext5                                           text5        000000
__Htext6                                           text6        000000
__Htext7                                           text7        000000
__Htext8                                           text8        000000
__Htext9                                           text9        000000
__LRAM                                             (abs)        000001
__L__absolute__                                    __absolute__ 000000
__Labs1                                            abs1         000000
__Lbank0                                           bank0        000000
__Lbank1                                           bank1        000000
__Lbank10                                          bank10       000000
__Lbank11                                          bank11       000000
__Lbank12                                          bank12       000000
__Lbank13                                          bank13       000000
__Lbank14                                          bank14       000000
__Lbank15                                          bank15       000000
__Lbank2                                           bank2        000000
__Lbank3                                           bank3        000000
__Lbank4                                           bank4        000000
__Lbank5                                           bank5        000000
__Lbank6                                           bank6        000000
__Lbank7                                           bank7        000000
__Lbank8                                           bank8        000000
__Lbank9                                           bank9        000000
__Lbigbss                                          bigbss       000000
__Lbigdata                                         bigdata      000000
__Lbigram                                          bigram       000000
__Lbigsfr                                          bigsfr       000000
__Lbss                                             bss          000000
__LbssBANK0                                        bssBANK0     000000
__LbssCOMRAM                                       bssCOMRAM    000000
__Lcinit                                           cinit        000000
__Lclrtext                                         clrtext      000000
__Lcomram                                          comram       000000
__Lconfig                                          config       000000
__Lconst                                           const        000000
__LcstackBANK0                                     cstackBANK0  000000
__LcstackCOMRAM                                    cstackCOMRAM 000000
__Ldata                                            data         000000
__LdataBANK0                                       dataBANK0    000000
__LdataCOMRAM                                      dataCOMRAM   000000
__Leeprom_data                                     eeprom_data  000000
__Lfarbss                                          farbss       000000
__Lfardata                                         fardata      000000
__Lheap                                            heap         000000
__Libigdata                                        ibigdata     000000
__Lidata                                           idata        000000
__LidataBANK0                                      idataBANK0   000000
__LidataCOMRAM                                     idataCOMRAM  000000
__Lidloc                                           idloc        000000
__Lifardata                                        ifardata     000000
__Linit                                            init         000096
__Lintcode                                         intcode      000008
__Lintcode_body                                    intcode_body 000000
__Lintcodelo                                       intcodelo    000018
__Lintentry                                        intentry     000000
__Lintret                                          intret       000000
__Lintsave_regs                                    intsave_regs 000000
__Lirdata                                          irdata       000000
__Lmediumconst                                     mediumconst  000000
__LnvCOMRAM                                        nvCOMRAM     000000
__LnvFARRAM                                        nvFARRAM     000000
__Lnvbit                                           nvbit        000000
__Lnvrram                                          nvrram       000000
__Lparam                                           rparam       000000
__Lpowerup                                         powerup      000096
__Lram                                             ram          000000
__Lramtop                                          ramtop       001000
__Lrbit                                            rbit         000000
__Lrbss                                            rbss         000000
__Lrdata                                           rdata        000000
__Lreset_vec                                       reset_vec    000000
__Lrparam                                          rparam       000000
__Lsfr                                             sfr          000000
__Lsmallconst                                      smallconst   001000
__Lspace_0                                         (abs)        000000
__Lspace_1                                         (abs)        000000
__Lspace_2                                         (abs)        000000
__Lspace_4                                         (abs)        000000
__Lstack                                           stack        000000
__Lstruct                                          struct       000000
__Ltemp                                            temp         00006D
__Ltext                                            text         000000
__Ltext0                                           text0        000000
__Ltext1                                           text1        000000
__Ltext10                                          text10       000000
__Ltext11                                          text11       000000
__Ltext12                                          text12       000000
__Ltext13                                          text13       000000
__Ltext14                                          text14       000000
__Ltext15                                          text15       000000
__Ltext16                                          text16       000000
__Ltext17                                          text17       000000
__Ltext19                                          text19       000000
__Ltext2                                           text2        000000
__Ltext20                                          text20       000000
__Ltext21                                          text21       000000
__Ltext22                                          text22       000000
__Ltext23                                          text23       000000
__Ltext24                                          text24       000000
__Ltext26                                          text26       000000
__Ltext27                                          text27       000000
__Ltext28                                          text28       000000
__Ltext29                                          text29       000000
__Ltext3                                           text3        000000
__Ltext30                                          text30       000000
__Ltext31                                          text31       000000
__Ltext32                                          text32       000000
__Ltext33                                          text33       000000
__Ltext34                                          text34       000000
__Ltext35                                          text35       000000
__Ltext36                                          text36       000000
__Ltext37                                          text37       000000
__Ltext38                                          text38       000000
__Ltext39                                          text39       000000
__Ltext4                                           text4        000000
__Ltext40                                          text40       000000
__Ltext41                                          text41       000000
__Ltext5                                           text5        000000
__Ltext6                                           text6        000000
__Ltext7                                           text7        000000
__Ltext8                                           text8        000000
__Ltext9                                           text9        000000
__S0                                               (abs)        001EFE
__S1                                               (abs)        0000B7
__S4                                               (abs)        000000
__S5                                               (abs)        000000
___heap_hi                                         (abs)        000000
___heap_lo                                         (abs)        000000
___inthi_sp                                        stack        000000
___intlo_sp                                        stack        000000
___param_bank                                      (abs)        000000
___rparam_used                                     (abs)        000001
___sp                                              stack        000000
__accesstop                                        (abs)        000080
__activetblptr                                     (abs)        000003
__end_of_CCP1_App_ISR                              text21       001B98
__end_of_CCP1_ISR                                  text20       001D52
__end_of_CCP2_ISR                                  text36       001DDC
__end_of_CCP_Capture_Mode_Select                   text14       00173A
__end_of_CCP_Compare_Mode_Select                   text13       001592
__end_of_CCP_Cpt_Cmp_Timer_Select                  text12       0018FE
__end_of_CCP_Disable                               text16       001C52
__end_of_CCP_Intr_Config                           text15       0014B6
__end_of_CCP_Mode_Select                           text10       0017F6
__end_of_CCP_PWM_Mode_Select                       text11       001EF2
__end_of_INT0_ISR                                  text35       001EFE
__end_of_INT1_ISR                                  text19       001EF6
__end_of_INT2_ISR                                  text34       001EFA
__end_of_InterruptManagerHigh                      intcode_body 0013B8
__end_of_InterruptManagerLow                       intcodelo    000096
__end_of_TIMER0_ISR                                text32       001ECC
__end_of_TIMER1_ISR                                text30       001EBC
__end_of_TIMER2_ISR                                text28       001EEE
__end_of_TIMER3_ISR                                text27       001EAC
__end_of_Timer0_Preload_Config                     text33       001E78
__end_of_Timer1_Preload_Config                     text31       001E66
__end_of_Timer2_Preload_Config                     text29       001EE4
__end_of_Timer3_Mode_Select                        text5        001882
__end_of_Timer3_Preload_Config                     text4        001E42
__end_of_Timer3_RW_Mode_Config                     text3        001CEA
__end_of__initialization                           cinit        001B2C
__end_of_application_initialize                    text1        001D24
__end_of_gpio_pin_direction_initialize             text9        001160
__end_of_gpio_pin_initialize                       text7        001AD4
__end_of_gpio_pin_write_logic                      text8        001292
__end_of_keypad_valus                              smallconst   001011
__end_of_main                                      text0        001ED8
__end_of_mcal_CCP_Compare_Mode_Set_Value           text17       001976
__end_of_mcal_CCP_Init                             text6        001BF8
__end_of_mcal_Timer3_Init                          text2        001666
__end_of_mcal_Timer3_Write_Value                   text23       001D80
__end_ofi1_Timer3_Preload_Config                   text24       001E54
__end_ofi1_mcal_CCP_Compare_Mode_Set_Value         text22       0019EC
__end_ofi2_CCP1_App_ISR                            text37       001CAA
__end_ofi2_CCP1_ISR                                text26       001DAE
__end_ofi2_Timer3_Preload_Config                   text39       001E8A
__end_ofi2_mcal_CCP_Compare_Mode_Set_Value         text40       001A62
__end_ofi2_mcal_Timer3_Write_Value                 text38       001E0A
__initialization                                   cinit        001AD4
__mediumconst                                      mediumconst  000000
__pbssBANK0                                        bssBANK0     000080
__pbssCOMRAM                                       bssCOMRAM    000001
__pcinit                                           cinit        001AD4
__pcstackBANK0                                     cstackBANK0  0000A6
__pcstackCOMRAM                                    cstackCOMRAM 000051
__pdataBANK0                                       dataBANK0    000095
__pdataCOMRAM                                      dataCOMRAM   00002D
__pidataBANK0                                      idataBANK0   001E8A
__pidataCOMRAM                                     idataCOMRAM  001E0A
__pintcode                                         intcode      000008
__pintcode_body                                    intcode_body 001292
__pintcodelo                                       intcodelo    000018
__pnvCOMRAM                                        nvCOMRAM     00006C
__psmallconst                                      smallconst   001000
__ptext0                                           text0        001ECC
__ptext1                                           text1        001CEA
__ptext10                                          text10       00173A
__ptext11                                          text11       001EEE
__ptext12                                          text12       001882
__ptext13                                          text13       0014B6
__ptext14                                          text14       001666
__ptext15                                          text15       0013B8
__ptext16                                          text16       001BF8
__ptext17                                          text17       0018FE
__ptext19                                          text19       001EF2
__ptext2                                           text2        001592
__ptext20                                          text20       001D24
__ptext21                                          text21       001B36
__ptext22                                          text22       001976
__ptext23                                          text23       001D52
__ptext24                                          text24       001E42
__ptext26                                          text26       001D80
__ptext27                                          text27       001E9C
__ptext28                                          text28       001EE4
__ptext29                                          text29       001ED8
__ptext3                                           text3        001CAA
__ptext30                                          text30       001EAC
__ptext31                                          text31       001E54
__ptext32                                          text32       001EBC
__ptext33                                          text33       001E66
__ptext34                                          text34       001EF6
__ptext35                                          text35       001EFA
__ptext36                                          text36       001DAE
__ptext37                                          text37       001C52
__ptext38                                          text38       001DDC
__ptext39                                          text39       001E78
__ptext4                                           text4        001E2E
__ptext40                                          text40       0019EC
__ptext41                                          text41       000000
__ptext5                                           text5        0017F6
__ptext6                                           text6        001B98
__ptext7                                           text7        001A62
__ptext8                                           text8        001160
__ptext9                                           text9        001016
__ramtop                                           ramtop       001000
__smallconst                                       smallconst   001000
_application_initialize                            text1        001CEA
_ccp1_flag                                         bssCOMRAM    00002B
_ccp1_obj                                          dataCOMRAM   000048
_gpio_pin_direction_initialize                     text9        001016
_gpio_pin_initialize                               text7        001A62
_gpio_pin_write_logic                              text8        001160
_keypad_valus                                      smallconst   001001
_lat_registers                                     dataCOMRAM   00002D
_led_1                                             dataCOMRAM   000050
_main                                              text0        001ECC
_mcal_CCP_Compare_Mode_Set_Value                   text17       0018FE
_mcal_CCP_Init                                     text6        001B98
_mcal_Timer3_Init                                  text2        001592
_mcal_Timer3_Write_Value                           text23       001D52
_port_registers                                    dataBANK0    000095
_ret                                               nvCOMRAM     00006C
_timer0_preload                                    bssCOMRAM    000011
_timer1_preload                                    bssCOMRAM    00000D
_timer2_preload                                    bssCOMRAM    00002C
_timer3_preload                                    bssCOMRAM    000007
_timer3_timer_obj                                  dataBANK0    00009F
_tris_registers                                    dataCOMRAM   000037
btemp                                              temp         00006D
end_of_initialization                              cinit        001B2C
gpio_pin_direction_initialize@_pin_config          cstackBANK0  0000A6
gpio_pin_direction_initialize@ret                  cstackBANK0  0000AE
gpio_pin_initialize@_pin_config                    cstackBANK0  0000B0
gpio_pin_initialize@ret                            cstackBANK0  0000B3
gpio_pin_write_logic@_pin_config                   cstackBANK0  0000A6
gpio_pin_write_logic@logic                         cstackBANK0  0000A8
gpio_pin_write_logic@ret                           cstackBANK0  0000AF
i1Timer3_Preload_Config@preload_value              cstackCOMRAM 00005D
i1_Timer3_Preload_Config                           text24       001E42
i1_mcal_CCP_Compare_Mode_Set_Value                 text22       001976
i1mcal_CCP_Compare_Mode_Set_Value@_ccp_config      cstackCOMRAM 00005D
i1mcal_CCP_Compare_Mode_Set_Value@capture_temp_val cstackCOMRAM 000063
i1mcal_CCP_Compare_Mode_Set_Value@compare_value    cstackCOMRAM 00005F
i1mcal_CCP_Compare_Mode_Set_Value@ret              cstackCOMRAM 000062
i2Timer3_Preload_Config@preload_value              cstackCOMRAM 000051
i2_CCP1_App_ISR                                    text37       001C52
i2_CCP1_ISR                                        text26       001D80
i2_Timer3_Preload_Config                           text39       001E78
i2_mcal_CCP_Compare_Mode_Set_Value                 text40       0019EC
i2_mcal_Timer3_Write_Value                         text38       001DDC
i2mcal_CCP_Compare_Mode_Set_Value@_ccp_config      cstackCOMRAM 000051
i2mcal_CCP_Compare_Mode_Set_Value@capture_temp_val cstackCOMRAM 000057
i2mcal_CCP_Compare_Mode_Set_Value@compare_value    cstackCOMRAM 000053
i2mcal_CCP_Compare_Mode_Set_Value@ret              cstackCOMRAM 000056
i2mcal_Timer3_Write_Value@_timer3_config           cstackCOMRAM 000053
i2mcal_Timer3_Write_Value@ret                      cstackCOMRAM 000057
i2mcal_Timer3_Write_Value@value                    cstackCOMRAM 000055
int$flags                                          temp         00006D
int_func                                           intcode_body 001292
intlevel0                                          text         000000
intlevel1                                          text         000000
intlevel2                                          text         000000
intlevel3                                          text         000000
isa$std                                            (abs)        000001
isa$xinst                                          (abs)        000000
mcal_CCP_Compare_Mode_Set_Value@F2947              bssCOMRAM    000001
mcal_CCP_Compare_Mode_Set_Value@_ccp_config        cstackBANK0  0000A6
mcal_CCP_Compare_Mode_Set_Value@capture_temp_val   cstackBANK0  0000AC
mcal_CCP_Compare_Mode_Set_Value@compare_value      cstackBANK0  0000A8
mcal_CCP_Compare_Mode_Set_Value@ret                cstackBANK0  0000AB
mcal_CCP_Init@_ccp_config                          cstackBANK0  0000B4
mcal_CCP_Init@ret                                  cstackBANK0  0000B6
mcal_Timer3_Init@_timer3_config                    cstackBANK0  0000B2
mcal_Timer3_Init@ret                               cstackBANK0  0000B5
mcal_Timer3_Write_Value@_timer3_config             cstackCOMRAM 00005F
mcal_Timer3_Write_Value@ret                        cstackCOMRAM 000063
mcal_Timer3_Write_Value@value                      cstackCOMRAM 000061
stackhi                                            (abs)        000000
stacklo                                            (abs)        000000
start                                              init         000096
start_initialization                               cinit        001AD4
ttemp5                                             temp         00006E
ttemp6                                             temp         000071
ttemp7                                             temp         000075
wtemp8                                             temp         00006E


MODULE INFORMATION

Module		Function		Class		Link	Load	Size
MCAL_Layer/Timer2/mcal_timer2.c
		_Timer2_Preload_Config		CODE           	1ED8	0000	12
		_TIMER2_ISR    		CODE           	1EE4	0000	10

MCAL_Layer/Timer2/mcal_timer2.c estimated size: 22

MCAL_Layer/Timer0/mcal_timer0.c
		_Timer0_Preload_Config		CODE           	1E66	0000	18
		_TIMER0_ISR    		CODE           	1EBC	0000	16

MCAL_Layer/Timer0/mcal_timer0.c estimated size: 34

MCAL_Layer/Timer3/mcal_timer3.c
		_mcal_Timer3_Init		CODE           	1592	0000	212
		_Timer3_RW_Mode_Config		CODE           	1CAA	0000	64
		_Timer3_Preload_Config		CODE           	1E2E	0000	20
		_Timer3_Mode_Select		CODE           	17F6	0000	140
		_TIMER3_ISR    		CODE           	1E9C	0000	16
		_mcal_Timer3_Write_Value		CODE           	1D52	0000	46

MCAL_Layer/Timer3/mcal_timer3.c estimated size: 498

MCAL_Layer/CCP/mcal_ccp.c
		_mcal_CCP_Compare_Mode_Set_Value		CODE           	18FE	0000	120
		_CCP_Compare_Mode_Select		CODE           	14B6	0000	220
		_CCP1_ISR      		CODE           	1D24	0000	46
		_mcal_CCP_Init 		CODE           	1B98	0000	96
		_CCP2_ISR      		CODE           	1DAE	0000	46
		_CCP_Capture_Mode_Select		CODE           	1666	0000	212
		_CCP_Intr_Config		CODE           	13B8	0000	254
		_CCP_Mode_Select		CODE           	173A	0000	188
		_CCP_Cpt_Cmp_Timer_Select		CODE           	1882	0000	124
		_CCP_PWM_Mode_Select		CODE           	1EEE	0000	4
		_CCP_Disable   		CODE           	1BF8	0000	90

MCAL_Layer/CCP/mcal_ccp.c estimated size: 1400

MCAL_Layer/Timer1/mcal_timer1.c
		_TIMER1_ISR    		CODE           	1EAC	0000	16
		_Timer1_Preload_Config		CODE           	1E54	0000	18

MCAL_Layer/Timer1/mcal_timer1.c estimated size: 34

shared
		i2_CCP1_ISR    		CODE           	1D80	0000	46
		__initialization		CODE           	1AD4	0000	88
		i1_mcal_CCP_Compare_Mode_Set_Value		CODE           	1976	0000	118
		i2_mcal_CCP_Compare_Mode_Set_Value		CODE           	19EC	0000	118
		i2_CCP1_App_ISR		CODE           	1C52	0000	88
		i1_Timer3_Preload_Config		CODE           	1E42	0000	18
		i2_Timer3_Preload_Config		CODE           	1E78	0000	18
		_keypad_valus  		SMALLCONST     	1001	0000	16
		i2_mcal_Timer3_Write_Value		CODE           	1DDC	0000	46

shared estimated size: 556

MCAL_Layer/Interrupt/mcal_external_interrupt.c
		_INT0_ISR      		CODE           	1EFA	0000	4
		_INT1_ISR      		CODE           	1EF2	0000	4
		_INT2_ISR      		CODE           	1EF6	0000	4

MCAL_Layer/Interrupt/mcal_external_interrupt.c estimated size: 12

MCAL_Layer/Interrupt/mcal_interrupt_manager.c
		_InterruptManagerLow		CODE           	0018	0000	126
		_InterruptManagerHigh		CODE           	0008	0000	300

MCAL_Layer/Interrupt/mcal_interrupt_manager.c estimated size: 426

MCAL_Layer/GPIO/mcal_gpio.c
		_gpio_pin_write_logic		CODE           	1160	0000	306
		_gpio_pin_direction_initialize		CODE           	1016	0000	330
		_gpio_pin_initialize		CODE           	1A62	0000	114

MCAL_Layer/GPIO/mcal_gpio.c estimated size: 750

application.c
		_application_initialize		CODE           	1CEA	0000	58
		_main          		CODE           	1ECC	0000	12
		_CCP1_App_ISR  		CODE           	1B36	0000	98

application.c estimated size: 168

