Microchip MPLAB XC8 Compiler V2.41

Linker command line:

-W-3 \
  --edf=C:\Program Files\Microchip\xc8\v2.41\pic\dat\20230208172133_en.msgs \
  -cn -h+dist/default/production\application.X.production.sym \
  --cmf=dist/default/production\application.X.production.cmf -z -Q18F4620 \
  -oC:\Users\metro\AppData\Local\Temp\xcAs4sc.\driver_tmp_3.o \
  --defsym=__MPLAB_BUILD=1 --fixupoverflow=error \
  -Mdist/default/production/application.X.production.map \
  --md=C:\Users\metro\AppData\Local\Temp\xcAs4sc.\driver_tmp_0.dat -E1 \
  -ver=XC8 Compiler --acfsm=1493 -ACODE=00h-0FFFFh -ACONST=00h-0FFFFh \
  -ASMALLCONST=01000h-010FFhx240 -AMEDIUMCONST=01000h-0FFFFh \
  -ACOMRAM=01h-07Fh -AABS1=00h-0F7Fh -ABIGRAM=01h-0F7Fh \
  -ARAM=080h-0FFh,0100h-01FFhx14,0F00h-0F7Fh -ABANK0=080h-0FFh \
  -ABANK1=0100h-01FFh -ABANK2=0200h-02FFh -ABANK3=0300h-03FFh \
  -ABANK4=0400h-04FFh -ABANK5=0500h-05FFh -ABANK6=0600h-06FFh \
  -ABANK7=0700h-07FFh -ABANK8=0800h-08FFh -ABANK9=0900h-09FFh \
  -ABANK10=0A00h-0AFFh -ABANK11=0B00h-0BFFh -ABANK12=0C00h-0CFFh \
  -ABANK13=0D00h-0DFFh -ABANK14=0E00h-0EFFh -ABANK15=0F00h-0F7Fh \
  -ASFR=0F80h-0FFFh -ABIGSFR=0F80h-0FFFh -ACONFIG=0300000h-030000Dh \
  -AIDLOC=0200000h-0200007h -AEEDATA=0F00000h-0F003FFh -peeprom_data=EEDATA \
  -preset_vec=00h,intcode=08h,intcodelo=018h,powerup,init -pramtop=01000h \
  -psmallconst=SMALLCONST -pmediumconst=MEDIUMCONST -pconst=CONST \
  -AFARRAM=00h-00h \
  -prdata=COMRAM,nvrram=COMRAM,nvbit=COMRAM,rbss=COMRAM,rbit=COMRAM \
  -pfarbss=FARRAM,fardata=FARRAM,nvFARRAM=FARRAM \
  -pintsave_regs=BIGRAM,bigbss=BIGRAM,bigdata=BIGRAM -pbss=RAM \
  -pidata=CODE,irdata=CODE,ibigdata=CODE,ifardata=CODE -prparam=COMRAM \
  C:\Users\metro\AppData\Local\Temp\xcAs4sc.\driver_tmp_9.o \
  dist/default/production\application.X.production.o 

Object code version is 3.11

Machine type is 18F4620



                Name                               Link     Load   Length Selector   Space Scale
C:\Users\metro\AppData\Local\Temp\xcAs4sc.\driver_tmp_9.o
                idloc                            200000   200000        8        0       5
                config                           300000   300000        E        0       4
                init                                 46       46        4        C       0
                reset_vec                             0        0        4        0       0
dist/default/production\application.X.production.o
                intcodelo                            18       18       2E        C       0
                intcode                               8        8        6        4       0
                idloc                            200000   200000        8        0       5
                config                           300000   300000        E        0       4
                temp                                 6D       6D        1        1       1
                smallconst                         1000     1000       16      800       0
                text33                             1AF6     1AF6        4      D77       0
                text32                             1AF2     1AF2        4      D77       0
                text31                             151C     151C       9C      80B       0
                text30                             19E4     19E4       2C      CF2       0
                text29                             1742     1742       64      80B       0
                text28                             1A82     1A82       12      CF2       0
                text27                             1988     1988       2E      80B       0
                text26                             18E2     18E2       3C      80B       0
                text25                             1A70     1A70       12      CF2       0
                text24                             191E     191E       3A      80B       0
                text23                             1A5E     1A5E       12      CF2       0
                text22                             1AB4     1AB4       10      CF2       0
                text21                             1AD0     1AD0        C      CF2       0
                text20                             1ADC     1ADC        A      CF2       0
                text19                             1AA4     1AA4       10      CF2       0
                intcode_body                       1292     1292       F6      80B       0
                text17                             1AEE     1AEE        4      D77       0
                text15                             1016     1016      14A      80B       0
                text14                             1160     1160      132      80B       0
                text13                             16D0     16D0       72      80B       0
                text12                             1958     1958       30      80B       0
                text11                             1A94     1A94       10      CF2       0
                text10                             1644     1644       8C      80B       0
                text9                              1A4A     1A4A       14      CF2       0
                text8                              1808     1808       5A      80B       0
                text7                              18A2     18A2       40      80B       0
                text6                              145A     145A       C2      80B       0
                text5                              15B8     15B8       8C      80B       0
                text4                              1A36     1A36       14      CF2       0
                text3                              1862     1862       40      80B       0
                text2                              1388     1388       D2      80B       0
                text1                              1A10     1A10       26      CF2       0
                text0                              1AC4     1AC4        C      CF2       0
                cstackCOMRAM                         59       59       13        1       1
                cstackBANK0                          91       91       10       80       1
                dataBANK0                            A1       A1        7       80       1
                bssBANK0                             80       80       11       80       1
                dataCOMRAM                            1        1       2D        1       1
                bssCOMRAM                            2E       2E       2B        1       1
                cinit                              17A6     17A6       62      80B       0
                nvCOMRAM                             6C       6C        1        1       1
                idataBANK0                         1AE6     1AE6        7      CF2       0
                idataCOMRAM                        19B6     19B6       2D      80B       0

TOTAL           Name                               Link     Load   Length     Space
        CLASS   CODE           
                intcodelo                            18       18       2E         0
                intcode                               8        8        6         0
                init                                 46       46        4         0
                reset_vec                             0        0        4         0
                text33                             1AF6     1AF6        4         0
                text32                             1AF2     1AF2        4         0
                text31                             151C     151C       9C         0
                text30                             19E4     19E4       2C         0
                text29                             1742     1742       64         0
                text28                             1A82     1A82       12         0
                text27                             1988     1988       2E         0
                text26                             18E2     18E2       3C         0
                text25                             1A70     1A70       12         0
                text24                             191E     191E       3A         0
                text23                             1A5E     1A5E       12         0
                text22                             1AB4     1AB4       10         0
                text21                             1AD0     1AD0        C         0
                text20                             1ADC     1ADC        A         0
                text19                             1AA4     1AA4       10         0
                intcode_body                       1292     1292       F6         0
                text17                             1AEE     1AEE        4         0
                text15                             1016     1016      14A         0
                text14                             1160     1160      132         0
                text13                             16D0     16D0       72         0
                text12                             1958     1958       30         0
                text11                             1A94     1A94       10         0
                text10                             1644     1644       8C         0
                text9                              1A4A     1A4A       14         0
                text8                              1808     1808       5A         0
                text7                              18A2     18A2       40         0
                text6                              145A     145A       C2         0
                text5                              15B8     15B8       8C         0
                text4                              1A36     1A36       14         0
                text3                              1862     1862       40         0
                text2                              1388     1388       D2         0
                text1                              1A10     1A10       26         0
                text0                              1AC4     1AC4        C         0
                cinit                              17A6     17A6       62         0
                idataBANK0                         1AE6     1AE6        7         0
                idataCOMRAM                        19B6     19B6       2D         0

        CLASS   CONST          

        CLASS   SMALLCONST     
                smallconst                         1000     1000       16         0

        CLASS   MEDIUMCONST    

        CLASS   COMRAM         
                temp                                 6D       6D        1         1
                cstackCOMRAM                         59       59       13         1
                dataCOMRAM                            1        1       2D         1
                bssCOMRAM                            2E       2E       2B         1
                nvCOMRAM                             6C       6C        1         1

        CLASS   ABS1           

        CLASS   BIGRAM         

        CLASS   RAM            

        CLASS   BANK0          
                cstackBANK0                          91       91       10         1
                dataBANK0                            A1       A1        7         1
                bssBANK0                             80       80       11         1

        CLASS   BANK1          

        CLASS   BANK2          

        CLASS   BANK3          

        CLASS   BANK4          

        CLASS   BANK5          

        CLASS   BANK6          

        CLASS   BANK7          

        CLASS   BANK8          

        CLASS   BANK9          

        CLASS   BANK10         

        CLASS   BANK11         

        CLASS   BANK12         

        CLASS   BANK13         

        CLASS   BANK14         

        CLASS   BANK15         

        CLASS   SFR            

        CLASS   BIGSFR         

        CLASS   CONFIG         
                config                           300000   300000        E         4

        CLASS   IDLOC          
                idloc                            200000   200000        8         5

        CLASS   EEDATA         

        CLASS   FARRAM         

        CLASS   HEAP           

        CLASS   STACK          



SEGMENTS        Name                           Load    Length   Top    Selector   Space  Class

                reset_vec                      000000  000004  000004         0       0  CODE    
                dataCOMRAM                     000001  00006D  00006E         1       1  COMRAM  
                intcode                        000008  000006  00000E         4       0  CODE    
                intcodelo                      000018  000032  00004A         C       0  CODE    
                bssBANK0                       000080  000028  0000A8        80       1  BANK0   
                smallconst                     001000  000016  001016       800       0  SMALLCON
                text15                         001016  0009CD  0019E3       80B       0  CODE    
                text30                         0019E4  000109  001AED       CF2       0  CODE    
                text17                         001AEE  00000C  001AFA       D77       0  CODE    


UNUSED ADDRESS RANGES

        Name                Unused          Largest block    Delta
        BANK0            0000A8-0000FF               58
        BANK1            000100-0001FF              100
        BANK10           000A00-000AFF              100
        BANK11           000B00-000BFF              100
        BANK12           000C00-000CFF              100
        BANK13           000D00-000DFF              100
        BANK14           000E00-000EFF              100
        BANK15           000F00-000F7F               80
        BANK2            000200-0002FF              100
        BANK3            000300-0003FF              100
        BANK4            000400-0004FF              100
        BANK5            000500-0005FF              100
        BANK6            000600-0006FF              100
        BANK7            000700-0007FF              100
        BANK8            000800-0008FF              100
        BANK9            000900-0009FF              100
        BIGRAM           00006E-00007F               12
                         0000A8-000F7F              ED8
        BIGSFR           000F80-000FFF               80
        CODE             000004-000007                4
                         00000E-000017                A
                         00004A-000FFF              FB6
                         0019E3-0019E3                1
                         001AED-001AED                1
                         001AFA-00FFFF             E506
        COMRAM           00006E-00007F               12
        CONST            000004-000007                4
                         00000E-000017                A
                         00004A-000FFF              FB6
                         0019E3-0019E3                1
                         001AED-001AED                1
                         001AFA-00FFFF             E506
        EEDATA           F00000-F003FF              400
        MEDIUMCONST      0019E3-0019E3                1
                         001AED-001AED                1
                         001AFA-00FFFF             E506
        RAM              0000A8-000F7F              100
        SFR              000F80-000FFF               80
        SMALLCONST       0019E3-0019E3                1
                         001AED-001AED                1
                         001AFA-00FFFF              100

                                  Symbol Table

Timer0_Mode_Select@F2936                   dataCOMRAM   000021
Timer0_Mode_Select@_T0CKI_config           cstackBANK0  00009B
Timer0_Mode_Select@_timer0_config          cstackBANK0  000099
Timer0_Preload_Config@preload_value        cstackBANK0  000091
Timer0_Prescaler_Config@_timer0_config     cstackBANK0  000091
Timer0_Register_Size_Config@_timer0_config cstackBANK0  000091
Timer1_Mode_Select@F2932                   dataCOMRAM   00001F
Timer1_Preload_Config@preload_value        cstackCOMRAM 000059
Timer2_Preload_Config@preload_value        cstackCOMRAM 000059
Timer3_Mode_Select@F2928                   dataCOMRAM   000020
Timer3_Mode_Select@_T13CKI_config          cstackBANK0  00009B
Timer3_Mode_Select@_timer3_config          cstackBANK0  000099
Timer3_Preload_Config@preload_value        cstackBANK0  000091
Timer3_RW_Mode_Config@_timer3_config       cstackBANK0  000091
_ADCON0bits                                (abs)        000FC2
_ADCON1bits                                (abs)        000FC1
_ADCON2bits                                (abs)        000FC0
_ADRESH                                    (abs)        000FC4
_ADRESL                                    (abs)        000FC3
_EEADR                                     (abs)        000FA9
_EEADRH                                    (abs)        000FAA
_EECON1bits                                (abs)        000FA6
_EECON2                                    (abs)        000FA7
_EEDATA                                    (abs)        000FA8
_INT0_ISR                                  text33       001AF6
_INT0_InterruptHandler                     bssCOMRAM    000054
_INT1_ISR                                  text17       001AEE
_INT1_InterruptHandler                     bssCOMRAM    000052
_INT2_ISR                                  text32       001AF2
_INT2_InterruptHandler                     bssCOMRAM    000050
_INTCON2bits                               (abs)        000FF1
_INTCON3bits                               (abs)        000FF0
_INTCONbits                                (abs)        000FF2
_IPR1bits                                  (abs)        000F9F
_IPR2bits                                  (abs)        000FA2
_InterruptManagerHigh                      intcode      000008
_InterruptManagerLow                       intcodelo    000018
_LATA                                      (abs)        000F89
_LATB                                      (abs)        000F8A
_LATC                                      (abs)        000F8B
_LATD                                      (abs)        000F8C
_LATE                                      (abs)        000F8D
_PIE1bits                                  (abs)        000F9D
_PIE2bits                                  (abs)        000FA0
_PIR1bits                                  (abs)        000F9E
_PIR2bits                                  (abs)        000FA1
_PORTA                                     (abs)        000F80
_PORTB                                     (abs)        000F81
_PORTC                                     (abs)        000F82
_PORTD                                     (abs)        000F83
_PORTE                                     (abs)        000F84
_RB4_InterruptHandler_High                 bssCOMRAM    00004C
_RB4_InterruptHandler_Low                  bssCOMRAM    00004E
_RB4_flag                                  dataCOMRAM   000025
_RB5_InterruptHandler_High                 bssCOMRAM    000048
_RB5_InterruptHandler_Low                  bssCOMRAM    00004A
_RB5_flag                                  dataCOMRAM   000024
_RB6_InterruptHandler_High                 bssCOMRAM    000044
_RB6_InterruptHandler_Low                  bssCOMRAM    000046
_RB6_flag                                  dataCOMRAM   000023
_RB7_InterruptHandler_High                 bssCOMRAM    000040
_RB7_InterruptHandler_Low                  bssCOMRAM    000042
_RB7_flag                                  dataCOMRAM   000022
_RCONbits                                  (abs)        000FD0
_T0CONbits                                 (abs)        000FD5
_T1CONbits                                 (abs)        000FCD
_T2CONbits                                 (abs)        000FCA
_T3CONbits                                 (abs)        000FB1
_TIMER0_ISR                                text24       00191E
_TIMER1_ISR                                text22       001AB4
_TIMER2_ISR                                text20       001ADC
_TIMER3_ISR                                text19       001AA4
_TMR0H                                     (abs)        000FD7
_TMR0L                                     (abs)        000FD6
_TMR1H                                     (abs)        000FCF
_TMR1L                                     (abs)        000FCE
_TMR2                                      (abs)        000FCC
_TMR3H                                     (abs)        000FB3
_TMR3L                                     (abs)        000FB2
_TRISA                                     (abs)        000F92
_TRISB                                     (abs)        000F93
_TRISC                                     (abs)        000F94
_TRISD                                     (abs)        000F95
_TRISE                                     (abs)        000F96
_Timer0_App_ISR                            text26       0018E2
_Timer0_InterruptHandler                   bssCOMRAM    00003E
_Timer0_Mode_Select                        text10       001644
_Timer0_Preload_Config                     text9        001A4A
_Timer0_Prescaler_Config                   text8        001808
_Timer0_Register_Size_Config               text7        0018A2
_Timer1_InterruptHandler                   bssCOMRAM    000034
_Timer1_Preload_Config                     text23       001A5E
_Timer2_InterruptHandler                   bssCOMRAM    00003A
_Timer2_Preload_Config                     text21       001AD0
_Timer3_InterruptHandler                   bssCOMRAM    000038
_Timer3_Mode_Select                        text5        0015B8
_Timer3_Preload_Config                     text4        001A36
_Timer3_RW_Mode_Config                     text3        001862
__HRAM                                     (abs)        000000
__H__absolute__                            __absolute__ 000000
__Habs1                                    abs1         000000
__Hbank0                                   bank0        000000
__Hbank1                                   bank1        000000
__Hbank10                                  bank10       000000
__Hbank11                                  bank11       000000
__Hbank12                                  bank12       000000
__Hbank13                                  bank13       000000
__Hbank14                                  bank14       000000
__Hbank15                                  bank15       000000
__Hbank2                                   bank2        000000
__Hbank3                                   bank3        000000
__Hbank4                                   bank4        000000
__Hbank5                                   bank5        000000
__Hbank6                                   bank6        000000
__Hbank7                                   bank7        000000
__Hbank8                                   bank8        000000
__Hbank9                                   bank9        000000
__Hbigbss                                  bigbss       000000
__Hbigdata                                 bigdata      000000
__Hbigram                                  bigram       000000
__Hbigsfr                                  bigsfr       000000
__Hbss                                     bss          000000
__HbssBANK0                                bssBANK0     000000
__HbssCOMRAM                               bssCOMRAM    000000
__Hcinit                                   cinit        000000
__Hclrtext                                 clrtext      000000
__Hcomram                                  comram       000000
__Hconfig                                  config       30000E
__Hconst                                   const        000000
__HcstackBANK0                             cstackBANK0  000000
__HcstackCOMRAM                            cstackCOMRAM 000000
__Hdata                                    data         000000
__HdataBANK0                               dataBANK0    000000
__HdataCOMRAM                              dataCOMRAM   000000
__Heeprom_data                             eeprom_data  000000
__Hfarbss                                  farbss       000000
__Hfardata                                 fardata      000000
__Hheap                                    heap         000000
__Hibigdata                                ibigdata     000000
__Hidata                                   idata        000000
__HidataBANK0                              idataBANK0   000000
__HidataCOMRAM                             idataCOMRAM  000000
__Hidloc                                   idloc        200008
__Hifardata                                ifardata     000000
__Hinit                                    init         00004A
__Hintcode                                 intcode      00000E
__Hintcode_body                            intcode_body 000000
__Hintcodelo                               intcodelo    000046
__Hintentry                                intentry     000000
__Hintret                                  intret       000000
__Hintsave_regs                            intsave_regs 000000
__Hirdata                                  irdata       000000
__Hmediumconst                             mediumconst  000000
__HnvCOMRAM                                nvCOMRAM     000000
__HnvFARRAM                                nvFARRAM     000000
__Hnvbit                                   nvbit        000000
__Hnvrram                                  nvrram       000000
__Hparam                                   rparam       000000
__Hpowerup                                 powerup      000046
__Hram                                     ram          000000
__Hramtop                                  ramtop       001000
__Hrbit                                    rbit         000000
__Hrbss                                    rbss         000000
__Hrdata                                   rdata        000000
__Hreset_vec                               reset_vec    000004
__Hrparam                                  rparam       000000
__Hsfr                                     sfr          000000
__Hsmallconst                              smallconst   001016
__Hspace_0                                 (abs)        001AFA
__Hspace_1                                 (abs)        0000A8
__Hspace_2                                 (abs)        000000
__Hspace_4                                 (abs)        60000E
__Hstack                                   stack        000000
__Hstruct                                  struct       000000
__Htemp                                    temp         00006E
__Htext                                    text         000000
__Htext0                                   text0        000000
__Htext1                                   text1        000000
__Htext10                                  text10       000000
__Htext11                                  text11       000000
__Htext12                                  text12       000000
__Htext13                                  text13       000000
__Htext14                                  text14       000000
__Htext15                                  text15       000000
__Htext17                                  text17       000000
__Htext19                                  text19       000000
__Htext2                                   text2        000000
__Htext20                                  text20       000000
__Htext21                                  text21       000000
__Htext22                                  text22       000000
__Htext23                                  text23       000000
__Htext24                                  text24       000000
__Htext25                                  text25       000000
__Htext26                                  text26       000000
__Htext27                                  text27       000000
__Htext28                                  text28       000000
__Htext29                                  text29       000000
__Htext3                                   text3        000000
__Htext30                                  text30       000000
__Htext31                                  text31       000000
__Htext32                                  text32       000000
__Htext33                                  text33       000000
__Htext34                                  text34       000000
__Htext4                                   text4        000000
__Htext5                                   text5        000000
__Htext6                                   text6        000000
__Htext7                                   text7        000000
__Htext8                                   text8        000000
__Htext9                                   text9        000000
__LRAM                                     (abs)        000001
__L__absolute__                            __absolute__ 000000
__Labs1                                    abs1         000000
__Lbank0                                   bank0        000000
__Lbank1                                   bank1        000000
__Lbank10                                  bank10       000000
__Lbank11                                  bank11       000000
__Lbank12                                  bank12       000000
__Lbank13                                  bank13       000000
__Lbank14                                  bank14       000000
__Lbank15                                  bank15       000000
__Lbank2                                   bank2        000000
__Lbank3                                   bank3        000000
__Lbank4                                   bank4        000000
__Lbank5                                   bank5        000000
__Lbank6                                   bank6        000000
__Lbank7                                   bank7        000000
__Lbank8                                   bank8        000000
__Lbank9                                   bank9        000000
__Lbigbss                                  bigbss       000000
__Lbigdata                                 bigdata      000000
__Lbigram                                  bigram       000000
__Lbigsfr                                  bigsfr       000000
__Lbss                                     bss          000000
__LbssBANK0                                bssBANK0     000000
__LbssCOMRAM                               bssCOMRAM    000000
__Lcinit                                   cinit        000000
__Lclrtext                                 clrtext      000000
__Lcomram                                  comram       000000
__Lconfig                                  config       000000
__Lconst                                   const        000000
__LcstackBANK0                             cstackBANK0  000000
__LcstackCOMRAM                            cstackCOMRAM 000000
__Ldata                                    data         000000
__LdataBANK0                               dataBANK0    000000
__LdataCOMRAM                              dataCOMRAM   000000
__Leeprom_data                             eeprom_data  000000
__Lfarbss                                  farbss       000000
__Lfardata                                 fardata      000000
__Lheap                                    heap         000000
__Libigdata                                ibigdata     000000
__Lidata                                   idata        000000
__LidataBANK0                              idataBANK0   000000
__LidataCOMRAM                             idataCOMRAM  000000
__Lidloc                                   idloc        000000
__Lifardata                                ifardata     000000
__Linit                                    init         000046
__Lintcode                                 intcode      000008
__Lintcode_body                            intcode_body 000000
__Lintcodelo                               intcodelo    000018
__Lintentry                                intentry     000000
__Lintret                                  intret       000000
__Lintsave_regs                            intsave_regs 000000
__Lirdata                                  irdata       000000
__Lmediumconst                             mediumconst  000000
__LnvCOMRAM                                nvCOMRAM     000000
__LnvFARRAM                                nvFARRAM     000000
__Lnvbit                                   nvbit        000000
__Lnvrram                                  nvrram       000000
__Lparam                                   rparam       000000
__Lpowerup                                 powerup      000046
__Lram                                     ram          000000
__Lramtop                                  ramtop       001000
__Lrbit                                    rbit         000000
__Lrbss                                    rbss         000000
__Lrdata                                   rdata        000000
__Lreset_vec                               reset_vec    000000
__Lrparam                                  rparam       000000
__Lsfr                                     sfr          000000
__Lsmallconst                              smallconst   001000
__Lspace_0                                 (abs)        000000
__Lspace_1                                 (abs)        000000
__Lspace_2                                 (abs)        000000
__Lspace_4                                 (abs)        000000
__Lstack                                   stack        000000
__Lstruct                                  struct       000000
__Ltemp                                    temp         00006D
__Ltext                                    text         000000
__Ltext0                                   text0        000000
__Ltext1                                   text1        000000
__Ltext10                                  text10       000000
__Ltext11                                  text11       000000
__Ltext12                                  text12       000000
__Ltext13                                  text13       000000
__Ltext14                                  text14       000000
__Ltext15                                  text15       000000
__Ltext17                                  text17       000000
__Ltext19                                  text19       000000
__Ltext2                                   text2        000000
__Ltext20                                  text20       000000
__Ltext21                                  text21       000000
__Ltext22                                  text22       000000
__Ltext23                                  text23       000000
__Ltext24                                  text24       000000
__Ltext25                                  text25       000000
__Ltext26                                  text26       000000
__Ltext27                                  text27       000000
__Ltext28                                  text28       000000
__Ltext29                                  text29       000000
__Ltext3                                   text3        000000
__Ltext30                                  text30       000000
__Ltext31                                  text31       000000
__Ltext32                                  text32       000000
__Ltext33                                  text33       000000
__Ltext34                                  text34       000000
__Ltext4                                   text4        000000
__Ltext5                                   text5        000000
__Ltext6                                   text6        000000
__Ltext7                                   text7        000000
__Ltext8                                   text8        000000
__Ltext9                                   text9        000000
__S0                                       (abs)        001AFA
__S1                                       (abs)        0000A8
__S4                                       (abs)        000000
__S5                                       (abs)        000000
___heap_hi                                 (abs)        000000
___heap_lo                                 (abs)        000000
___inthi_sp                                stack        000000
___intlo_sp                                stack        000000
___param_bank                              (abs)        000000
___rparam_used                             (abs)        000001
___sp                                      stack        000000
__accesstop                                (abs)        000080
__activetblptr                             (abs)        000003
__end_of_INT0_ISR                          text33       001AFA
__end_of_INT1_ISR                          text17       001AF2
__end_of_INT2_ISR                          text32       001AF6
__end_of_InterruptManagerHigh              intcode_body 001388
__end_of_InterruptManagerLow               intcodelo    000046
__end_of_TIMER0_ISR                        text24       001958
__end_of_TIMER1_ISR                        text22       001AC4
__end_of_TIMER2_ISR                        text20       001AE6
__end_of_TIMER3_ISR                        text19       001AB4
__end_of_Timer0_App_ISR                    text26       00191E
__end_of_Timer0_Mode_Select                text10       0016D0
__end_of_Timer0_Preload_Config             text9        001A5E
__end_of_Timer0_Prescaler_Config           text8        001862
__end_of_Timer0_Register_Size_Config       text7        0018E2
__end_of_Timer1_Preload_Config             text23       001A70
__end_of_Timer2_Preload_Config             text21       001ADC
__end_of_Timer3_Mode_Select                text5        001644
__end_of_Timer3_Preload_Config             text4        001A4A
__end_of_Timer3_RW_Mode_Config             text3        0018A2
__end_of__initialization                   cinit        0017FE
__end_of_application_initialize            text1        001A36
__end_of_ecu_layer_initialize              text11       001AA4
__end_of_ecu_led_initialize                text12       001988
__end_of_ecu_led_toggle                    text30       001A10
__end_of_gpio_pin_direction_initialize     text15       001160
__end_of_gpio_pin_initialize               text13       001742
__end_of_gpio_pin_toggle_logic             text31       0015B8
__end_of_gpio_pin_write_logic              text14       001292
__end_of_keypad_valus                      smallconst   001011
__end_of_main                              text0        001AD0
__end_of_mcal_Timer0_Init                  text6        00151C
__end_of_mcal_Timer3_Init                  text2        00145A
__end_of_mcal_Timer3_Read_Value            text29       0017A6
__end_of_mcal_Timer3_Write_Value           text27       0019B6
__end_ofi2_Timer0_Preload_Config           text25       001A82
__end_ofi2_Timer3_Preload_Config           text28       001A94
__initialization                           cinit        0017A6
__mediumconst                              mediumconst  000000
__pbssBANK0                                bssBANK0     000080
__pbssCOMRAM                               bssCOMRAM    00002E
__pcinit                                   cinit        0017A6
__pcstackBANK0                             cstackBANK0  000091
__pcstackCOMRAM                            cstackCOMRAM 000059
__pdataBANK0                               dataBANK0    0000A1
__pdataCOMRAM                              dataCOMRAM   000001
__pidataBANK0                              idataBANK0   001AE6
__pidataCOMRAM                             idataCOMRAM  0019B6
__pintcode                                 intcode      000008
__pintcode_body                            intcode_body 001292
__pintcodelo                               intcodelo    000018
__pnvCOMRAM                                nvCOMRAM     00006C
__psmallconst                              smallconst   001000
__ptext0                                   text0        001AC4
__ptext1                                   text1        001A10
__ptext10                                  text10       001644
__ptext11                                  text11       001A94
__ptext12                                  text12       001958
__ptext13                                  text13       0016D0
__ptext14                                  text14       001160
__ptext15                                  text15       001016
__ptext17                                  text17       001AEE
__ptext19                                  text19       001AA4
__ptext2                                   text2        001388
__ptext20                                  text20       001ADC
__ptext21                                  text21       001AD0
__ptext22                                  text22       001AB4
__ptext23                                  text23       001A5E
__ptext24                                  text24       00191E
__ptext25                                  text25       001A70
__ptext26                                  text26       0018E2
__ptext27                                  text27       001988
__ptext28                                  text28       001A82
__ptext29                                  text29       001742
__ptext3                                   text3        001862
__ptext30                                  text30       0019E4
__ptext31                                  text31       00151C
__ptext32                                  text32       001AF2
__ptext33                                  text33       001AF6
__ptext34                                  text34       000000
__ptext4                                   text4        001A36
__ptext5                                   text5        0015B8
__ptext6                                   text6        00145A
__ptext7                                   text7        0018A2
__ptext8                                   text8        001808
__ptext9                                   text9        001A4A
__ramtop                                   ramtop       001000
__smallconst                               smallconst   001000
_application_initialize                    text1        001A10
_ecu_layer_initialize                      text11       001A94
_ecu_led_initialize                        text12       001958
_ecu_led_toggle                            text30       0019E4
_freq                                      bssCOMRAM    000057
_gpio_pin_direction_initialize             text15       001016
_gpio_pin_initialize                       text13       0016D0
_gpio_pin_toggle_logic                     text31       00151C
_gpio_pin_write_logic                      text14       001160
_keypad_valus                              smallconst   001001
_lat_registers                             dataCOMRAM   00000B
_led_1                                     dataCOMRAM   00002D
_main                                      text0        001AC4
_mcal_Timer0_Init                          text6        00145A
_mcal_Timer3_Init                          text2        001388
_mcal_Timer3_Read_Value                    text29       001742
_mcal_Timer3_Write_Value                   text27       001988
_port_registers                            dataCOMRAM   000001
_ret                                       nvCOMRAM     00006C
_timer0_preload                            bssCOMRAM    00003C
_timer0_timer_obj                          dataBANK0    0000A1
_timer1_preload                            bssCOMRAM    000032
_timer2_preload                            bssCOMRAM    000056
_timer3_counter_obj                        dataCOMRAM   000026
_timer3_preload                            bssCOMRAM    000036
_tris_registers                            dataCOMRAM   000015
btemp                                      temp         00006D
ecu_led_initialize@_led_config             cstackBANK0  00009E
ecu_led_initialize@ret                     cstackBANK0  0000A0
ecu_led_toggle@_led_config                 cstackCOMRAM 000061
ecu_led_toggle@ret                         cstackCOMRAM 000063
end_of_initialization                      cinit        0017FE
gpio_pin_direction_initialize@_pin_config  cstackBANK0  000091
gpio_pin_direction_initialize@ret          cstackCOMRAM 00006B
gpio_pin_initialize@_pin_config            cstackBANK0  00009A
gpio_pin_initialize@ret                    cstackBANK0  00009D
gpio_pin_toggle_logic@_pin_config          cstackCOMRAM 000059
gpio_pin_toggle_logic@ret                  cstackCOMRAM 000060
gpio_pin_write_logic@_pin_config           cstackBANK0  000091
gpio_pin_write_logic@logic                 cstackBANK0  000093
gpio_pin_write_logic@ret                   cstackCOMRAM 00006B
i2Timer0_Preload_Config@preload_value      cstackCOMRAM 000059
i2Timer3_Preload_Config@preload_value      cstackCOMRAM 000059
i2_Timer0_Preload_Config                   text25       001A70
i2_Timer3_Preload_Config                   text28       001A82
int$flags                                  temp         00006D
int_func                                   intcode_body 001292
intlevel0                                  text         000000
intlevel1                                  text         000000
intlevel2                                  text         000000
intlevel3                                  text         000000
isa$std                                    (abs)        000001
isa$xinst                                  (abs)        000000
mcal_Timer0_Init@_timer0_config            cstackBANK0  00009C
mcal_Timer0_Init@ret                       cstackBANK0  00009F
mcal_Timer3_Init@_timer3_config            cstackBANK0  00009C
mcal_Timer3_Init@ret                       cstackBANK0  00009F
mcal_Timer3_Read_Value@_timer3_config      cstackCOMRAM 000059
mcal_Timer3_Read_Value@l_tmr3H             cstackCOMRAM 000061
mcal_Timer3_Read_Value@l_tmr3L             cstackCOMRAM 000060
mcal_Timer3_Read_Value@ret                 cstackCOMRAM 00005F
mcal_Timer3_Read_Value@value               cstackCOMRAM 00005B
mcal_Timer3_Write_Value@_timer3_config     cstackCOMRAM 00005B
mcal_Timer3_Write_Value@ret                cstackCOMRAM 00005F
mcal_Timer3_Write_Value@value              cstackCOMRAM 00005D
stackhi                                    (abs)        000000
stacklo                                    (abs)        000000
start                                      init         000046
start_initialization                       cinit        0017A6
ttemp5                                     temp         00006E
ttemp6                                     temp         000071
ttemp7                                     temp         000075
wtemp8                                     temp         00006E


MODULE INFORMATION

Module		Function		Class		Link	Load	Size
MCAL_Layer/Timer2/mcal_timer2.c
		_Timer2_Preload_Config		CODE           	1AD0	0000	12
		_TIMER2_ISR    		CODE           	1ADC	0000	10

MCAL_Layer/Timer2/mcal_timer2.c estimated size: 22

MCAL_Layer/Timer0/mcal_timer0.c
		_Timer0_Register_Size_Config		CODE           	18A2	0000	64
		_mcal_Timer0_Init		CODE           	145A	0000	194
		_Timer0_Prescaler_Config		CODE           	1808	0000	90
		_Timer0_Preload_Config		CODE           	1A4A	0000	20
		_Timer0_Mode_Select		CODE           	1644	0000	140
		_TIMER0_ISR    		CODE           	191E	0000	58

MCAL_Layer/Timer0/mcal_timer0.c estimated size: 566

MCAL_Layer/Timer3/mcal_timer3.c
		_mcal_Timer3_Init		CODE           	1388	0000	210
		_mcal_Timer3_Read_Value		CODE           	1742	0000	100
		_Timer3_RW_Mode_Config		CODE           	1862	0000	64
		_Timer3_Preload_Config		CODE           	1A36	0000	20
		_Timer3_Mode_Select		CODE           	15B8	0000	140
		_TIMER3_ISR    		CODE           	1AA4	0000	16
		_mcal_Timer3_Write_Value		CODE           	1988	0000	46

MCAL_Layer/Timer3/mcal_timer3.c estimated size: 596

MCAL_Layer/Timer1/mcal_timer1.c
		_TIMER1_ISR    		CODE           	1AB4	0000	16
		_Timer1_Preload_Config		CODE           	1A5E	0000	18

MCAL_Layer/Timer1/mcal_timer1.c estimated size: 34

shared
		__initialization		CODE           	17A6	0000	88
		i2_Timer0_Preload_Config		CODE           	1A70	0000	18
		i2_Timer3_Preload_Config		CODE           	1A82	0000	18
		_keypad_valus  		SMALLCONST     	1001	0000	16

shared estimated size: 140

MCAL_Layer/Interrupt/mcal_external_interrupt.c
		_INT0_ISR      		CODE           	1AF6	0000	4
		_INT1_ISR      		CODE           	1AEE	0000	4
		_INT2_ISR      		CODE           	1AF2	0000	4

MCAL_Layer/Interrupt/mcal_external_interrupt.c estimated size: 12

MCAL_Layer/Interrupt/mcal_interrupt_manager.c
		_InterruptManagerLow		CODE           	0018	0000	46
		_InterruptManagerHigh		CODE           	0008	0000	252

MCAL_Layer/Interrupt/mcal_interrupt_manager.c estimated size: 298

ECU_Layer/LED/ecu_led.c
		_ecu_led_initialize		CODE           	1958	0000	48
		_ecu_led_toggle		CODE           	19E4	0000	44

ECU_Layer/LED/ecu_led.c estimated size: 92

ECU_Layer/ecu_layer_init.c
		_ecu_layer_initialize		CODE           	1A94	0000	16

ECU_Layer/ecu_layer_init.c estimated size: 16

MCAL_Layer/GPIO/mcal_gpio.c
		_gpio_pin_write_logic		CODE           	1160	0000	306
		_gpio_pin_direction_initialize		CODE           	1016	0000	330
		_gpio_pin_toggle_logic		CODE           	151C	0000	156
		_gpio_pin_initialize		CODE           	16D0	0000	114

MCAL_Layer/GPIO/mcal_gpio.c estimated size: 906

application.c
		_application_initialize		CODE           	1A10	0000	38
		_main          		CODE           	1AC4	0000	12
		_Timer0_App_ISR		CODE           	18E2	0000	60

application.c estimated size: 110

