Microchip MPLAB XC8 Compiler V2.41

Linker command line:

-W-3 \
  --edf=C:\Program Files\Microchip\xc8\v2.41\pic\dat\20230208172133_en.msgs \
  -cn -h+dist/default/production\application.X.production.sym \
  --cmf=dist/default/production\application.X.production.cmf -z -Q18F4620 \
  -oC:\Users\metro\AppData\Local\Temp\xcAsbj4.\driver_tmp_3.o \
  --defsym=__MPLAB_BUILD=1 --fixupoverflow=error \
  -Mdist/default/production/application.X.production.map \
  --md=C:\Users\metro\AppData\Local\Temp\xcAsbj4.\driver_tmp_0.dat -E1 \
  -ver=XC8 Compiler --acfsm=1493 -ACODE=00h-0FFFFh -ACONST=00h-0FFFFh \
  -ASMALLCONST=01000h-010FFhx240 -AMEDIUMCONST=01000h-0FFFFh \
  -ACOMRAM=01h-07Fh -AABS1=00h-0F7Fh -ABIGRAM=01h-0F7Fh \
  -ARAM=080h-0FFh,0100h-01FFhx14,0F00h-0F7Fh -ABANK0=080h-0FFh \
  -ABANK1=0100h-01FFh -ABANK2=0200h-02FFh -ABANK3=0300h-03FFh \
  -ABANK4=0400h-04FFh -ABANK5=0500h-05FFh -ABANK6=0600h-06FFh \
  -ABANK7=0700h-07FFh -ABANK8=0800h-08FFh -ABANK9=0900h-09FFh \
  -ABANK10=0A00h-0AFFh -ABANK11=0B00h-0BFFh -ABANK12=0C00h-0CFFh \
  -ABANK13=0D00h-0DFFh -ABANK14=0E00h-0EFFh -ABANK15=0F00h-0F7Fh \
  -ASFR=0F80h-0FFFh -ABIGSFR=0F80h-0FFFh -ACONFIG=0300000h-030000Dh \
  -AIDLOC=0200000h-0200007h -AEEDATA=0F00000h-0F003FFh -peeprom_data=EEDATA \
  -preset_vec=00h,intcode=08h,intcodelo=018h,powerup,init -pramtop=01000h \
  -psmallconst=SMALLCONST -pmediumconst=MEDIUMCONST -pconst=CONST \
  -AFARRAM=00h-00h \
  -prdata=COMRAM,nvrram=COMRAM,nvbit=COMRAM,rbss=COMRAM,rbit=COMRAM \
  -pfarbss=FARRAM,fardata=FARRAM,nvFARRAM=FARRAM \
  -pintsave_regs=BIGRAM,bigbss=BIGRAM,bigdata=BIGRAM -pbss=RAM \
  -pidata=CODE,irdata=CODE,ibigdata=CODE,ifardata=CODE -prparam=COMRAM \
  C:\Users\metro\AppData\Local\Temp\xcAsbj4.\driver_tmp_9.o \
  dist/default/production\application.X.production.o 

Object code version is 3.11

Machine type is 18F4620



                Name                               Link     Load   Length Selector   Space Scale
C:\Users\metro\AppData\Local\Temp\xcAsbj4.\driver_tmp_9.o
                idloc                            200000   200000        8        0       5
                config                           300000   300000        E        0       4
                init                                 46       46        4        C       0
                reset_vec                             0        0        4        0       0
dist/default/production\application.X.production.o
                intcodelo                            18       18       2E        C       0
                intcode                               8        8        6        4       0
                idloc                            200000   200000        8        0       5
                config                           300000   300000        E        0       4
                temp                                 6D       6D        1        1       1
                smallconst                         1000     1000       16      800       0
                text29                             1A54     1A54        4      C94       0
                text28                             1A50     1A50        4      C94       0
                text27                             14DC     14DC       9C      80B       0
                text26                             1986     1986       2C      C94       0
                text25                             1702     1702       64      80B       0
                text24                             1A0E     1A0E       12      C94       0
                text23                             1958     1958       2E      C94       0
                text22                             187E     187E       3C      80B       0
                text21                             19FC     19FC       12      C94       0
                text20                             18BA     18BA       3A      80B       0
                text19                             1A30     1A30       10      C94       0
                intcode_body                       1426     1426       B6      80B       0
                text17                             1A4C     1A4C        4      C94       0
                text15                             1016     1016      14A      80B       0
                text14                             1160     1160      132      80B       0
                text13                             1690     1690       72      80B       0
                text12                             1928     1928       30      C94       0
                text11                             1A20     1A20       10      C94       0
                text10                             1604     1604       8C      80B       0
                text9                              19EA     19EA       12      C94       0
                text8                              1766     1766       5A      80B       0
                text7                              1840     1840       3E      80B       0
                text6                              1364     1364       C2      80B       0
                text5                              1578     1578       8C      80B       0
                text4                              19D8     19D8       12      C94       0
                text3                              1802     1802       3E      80B       0
                text2                              1292     1292       D2      80B       0
                text1                              19B2     19B2       26      C94       0
                text0                              1A40     1A40        C      C94       0
                cstackCOMRAM                         58       58       14        1       1
                cstackBANK0                          91       91       10       80       1
                bssBANK0                             80       80       11       80       1
                dataCOMRAM                            1        1       33        1       1
                bssCOMRAM                            34       34       24        1       1
                cinit                              17C0     17C0       42      80B       0
                nvCOMRAM                             6C       6C        1        1       1
                idataCOMRAM                        18F4     18F4       33      80B       0

TOTAL           Name                               Link     Load   Length     Space
        CLASS   CODE           
                intcodelo                            18       18       2E         0
                intcode                               8        8        6         0
                init                                 46       46        4         0
                reset_vec                             0        0        4         0
                text29                             1A54     1A54        4         0
                text28                             1A50     1A50        4         0
                text27                             14DC     14DC       9C         0
                text26                             1986     1986       2C         0
                text25                             1702     1702       64         0
                text24                             1A0E     1A0E       12         0
                text23                             1958     1958       2E         0
                text22                             187E     187E       3C         0
                text21                             19FC     19FC       12         0
                text20                             18BA     18BA       3A         0
                text19                             1A30     1A30       10         0
                intcode_body                       1426     1426       B6         0
                text17                             1A4C     1A4C        4         0
                text15                             1016     1016      14A         0
                text14                             1160     1160      132         0
                text13                             1690     1690       72         0
                text12                             1928     1928       30         0
                text11                             1A20     1A20       10         0
                text10                             1604     1604       8C         0
                text9                              19EA     19EA       12         0
                text8                              1766     1766       5A         0
                text7                              1840     1840       3E         0
                text6                              1364     1364       C2         0
                text5                              1578     1578       8C         0
                text4                              19D8     19D8       12         0
                text3                              1802     1802       3E         0
                text2                              1292     1292       D2         0
                text1                              19B2     19B2       26         0
                text0                              1A40     1A40        C         0
                cinit                              17C0     17C0       42         0
                idataCOMRAM                        18F4     18F4       33         0

        CLASS   CONST          

        CLASS   SMALLCONST     
                smallconst                         1000     1000       16         0

        CLASS   MEDIUMCONST    

        CLASS   COMRAM         
                temp                                 6D       6D        1         1
                cstackCOMRAM                         58       58       14         1
                dataCOMRAM                            1        1       33         1
                bssCOMRAM                            34       34       24         1
                nvCOMRAM                             6C       6C        1         1

        CLASS   ABS1           

        CLASS   BIGRAM         

        CLASS   RAM            

        CLASS   BANK0          
                cstackBANK0                          91       91       10         1
                bssBANK0                             80       80       11         1

        CLASS   BANK1          

        CLASS   BANK2          

        CLASS   BANK3          

        CLASS   BANK4          

        CLASS   BANK5          

        CLASS   BANK6          

        CLASS   BANK7          

        CLASS   BANK8          

        CLASS   BANK9          

        CLASS   BANK10         

        CLASS   BANK11         

        CLASS   BANK12         

        CLASS   BANK13         

        CLASS   BANK14         

        CLASS   BANK15         

        CLASS   SFR            

        CLASS   BIGSFR         

        CLASS   CONFIG         
                config                           300000   300000        E         4

        CLASS   IDLOC          
                idloc                            200000   200000        8         5

        CLASS   EEDATA         

        CLASS   FARRAM         

        CLASS   HEAP           

        CLASS   STACK          



SEGMENTS        Name                           Load    Length   Top    Selector   Space  Class

                reset_vec                      000000  000004  000004         0       0  CODE    
                dataCOMRAM                     000001  00006D  00006E         1       1  COMRAM  
                intcode                        000008  000006  00000E         4       0  CODE    
                intcodelo                      000018  000032  00004A         C       0  CODE    
                bssBANK0                       000080  000021  0000A1        80       1  BANK0   
                smallconst                     001000  000016  001016       800       0  SMALLCON
                text15                         001016  000911  001927       80B       0  CODE    
                text12                         001928  000130  001A58       C94       0  CODE    


UNUSED ADDRESS RANGES

        Name                Unused          Largest block    Delta
        BANK0            0000A1-0000FF               5F
        BANK1            000100-0001FF              100
        BANK10           000A00-000AFF              100
        BANK11           000B00-000BFF              100
        BANK12           000C00-000CFF              100
        BANK13           000D00-000DFF              100
        BANK14           000E00-000EFF              100
        BANK15           000F00-000F7F               80
        BANK2            000200-0002FF              100
        BANK3            000300-0003FF              100
        BANK4            000400-0004FF              100
        BANK5            000500-0005FF              100
        BANK6            000600-0006FF              100
        BANK7            000700-0007FF              100
        BANK8            000800-0008FF              100
        BANK9            000900-0009FF              100
        BIGRAM           00006E-00007F               12
                         0000A1-000F7F              EDF
        BIGSFR           000F80-000FFF               80
        CODE             000004-000007                4
                         00000E-000017                A
                         00004A-000FFF              FB6
                         001927-001927                1
                         001A58-00FFFF             E5A8
        COMRAM           00006E-00007F               12
        CONST            000004-000007                4
                         00000E-000017                A
                         00004A-000FFF              FB6
                         001927-001927                1
                         001A58-00FFFF             E5A8
        EEDATA           F00000-F003FF              400
        MEDIUMCONST      001927-001927                1
                         001A58-00FFFF             E5A8
        RAM              0000A1-000F7F              100
        SFR              000F80-000FFF               80
        SMALLCONST       001927-001927                1
                         001A58-00FFFF              100

                                  Symbol Table

Timer0_Mode_Select@F2936                   dataCOMRAM   000020
Timer0_Mode_Select@_T0CKI_config           cstackBANK0  00009A
Timer0_Mode_Select@_timer0_config          cstackBANK0  000098
Timer0_Preload_Config@preload_value        cstackCOMRAM 00006A
Timer0_Prescaler_Config@_timer0_config     cstackCOMRAM 00006A
Timer0_Register_Size_Config@_timer0_config cstackCOMRAM 00006A
Timer1_Mode_Select@F2929                   dataCOMRAM   00001F
Timer1_Mode_Select@_T13CKI_config          cstackBANK0  00009A
Timer1_Mode_Select@_timer1_config          cstackBANK0  000098
Timer1_Preload_Config@preload_value        cstackCOMRAM 00006A
Timer1_Register_Size_Config@_timer1_config cstackCOMRAM 00006A
_ADCON0bits                                (abs)        000FC2
_ADCON1bits                                (abs)        000FC1
_ADCON2bits                                (abs)        000FC0
_ADRESH                                    (abs)        000FC4
_ADRESL                                    (abs)        000FC3
_EEADR                                     (abs)        000FA9
_EEADRH                                    (abs)        000FAA
_EECON1bits                                (abs)        000FA6
_EECON2                                    (abs)        000FA7
_EEDATA                                    (abs)        000FA8
_INT0_ISR                                  text29       001A54
_INT0_InterruptHandler                     bssCOMRAM    000054
_INT1_ISR                                  text17       001A4C
_INT1_InterruptHandler                     bssCOMRAM    000052
_INT2_ISR                                  text28       001A50
_INT2_InterruptHandler                     bssCOMRAM    000050
_INTCON2bits                               (abs)        000FF1
_INTCON3bits                               (abs)        000FF0
_INTCONbits                                (abs)        000FF2
_IPR1bits                                  (abs)        000F9F
_InterruptManagerHigh                      intcode      000008
_InterruptManagerLow                       intcodelo    000018
_LATA                                      (abs)        000F89
_LATB                                      (abs)        000F8A
_LATC                                      (abs)        000F8B
_LATD                                      (abs)        000F8C
_LATE                                      (abs)        000F8D
_PIE1bits                                  (abs)        000F9D
_PIR1bits                                  (abs)        000F9E
_PORTA                                     (abs)        000F80
_PORTB                                     (abs)        000F81
_PORTC                                     (abs)        000F82
_PORTD                                     (abs)        000F83
_PORTE                                     (abs)        000F84
_RB4_InterruptHandler_High                 bssCOMRAM    00004C
_RB4_InterruptHandler_Low                  bssCOMRAM    00004E
_RB4_flag                                  dataCOMRAM   000024
_RB5_InterruptHandler_High                 bssCOMRAM    000048
_RB5_InterruptHandler_Low                  bssCOMRAM    00004A
_RB5_flag                                  dataCOMRAM   000023
_RB6_InterruptHandler_High                 bssCOMRAM    000044
_RB6_InterruptHandler_Low                  bssCOMRAM    000046
_RB6_flag                                  dataCOMRAM   000022
_RB7_InterruptHandler_High                 bssCOMRAM    000040
_RB7_InterruptHandler_Low                  bssCOMRAM    000042
_RB7_flag                                  dataCOMRAM   000021
_RCONbits                                  (abs)        000FD0
_T0CONbits                                 (abs)        000FD5
_T1CONbits                                 (abs)        000FCD
_TIMER0_ISR                                text20       0018BA
_TIMER1_ISR                                text19       001A30
_TMR0H                                     (abs)        000FD7
_TMR0L                                     (abs)        000FD6
_TMR1H                                     (abs)        000FCF
_TMR1L                                     (abs)        000FCE
_TRISA                                     (abs)        000F92
_TRISB                                     (abs)        000F93
_TRISC                                     (abs)        000F94
_TRISD                                     (abs)        000F95
_TRISE                                     (abs)        000F96
_Timer0_App_ISR                            text22       00187E
_Timer0_InterruptHandler                   bssCOMRAM    00003E
_Timer0_Mode_Select                        text10       001604
_Timer0_Preload_Config                     text9        0019EA
_Timer0_Prescaler_Config                   text8        001766
_Timer0_Register_Size_Config               text7        001840
_Timer1_InterruptHandler                   bssCOMRAM    00003A
_Timer1_Mode_Select                        text5        001578
_Timer1_Preload_Config                     text4        0019D8
_Timer1_Register_Size_Config               text3        001802
__HRAM                                     (abs)        000000
__H__absolute__                            __absolute__ 000000
__Habs1                                    abs1         000000
__Hbank0                                   bank0        000000
__Hbank1                                   bank1        000000
__Hbank10                                  bank10       000000
__Hbank11                                  bank11       000000
__Hbank12                                  bank12       000000
__Hbank13                                  bank13       000000
__Hbank14                                  bank14       000000
__Hbank15                                  bank15       000000
__Hbank2                                   bank2        000000
__Hbank3                                   bank3        000000
__Hbank4                                   bank4        000000
__Hbank5                                   bank5        000000
__Hbank6                                   bank6        000000
__Hbank7                                   bank7        000000
__Hbank8                                   bank8        000000
__Hbank9                                   bank9        000000
__Hbigbss                                  bigbss       000000
__Hbigdata                                 bigdata      000000
__Hbigram                                  bigram       000000
__Hbigsfr                                  bigsfr       000000
__Hbss                                     bss          000000
__HbssBANK0                                bssBANK0     000000
__HbssCOMRAM                               bssCOMRAM    000000
__Hcinit                                   cinit        000000
__Hclrtext                                 clrtext      000000
__Hcomram                                  comram       000000
__Hconfig                                  config       30000E
__Hconst                                   const        000000
__HcstackBANK0                             cstackBANK0  000000
__HcstackCOMRAM                            cstackCOMRAM 000000
__Hdata                                    data         000000
__HdataCOMRAM                              dataCOMRAM   000000
__Heeprom_data                             eeprom_data  000000
__Hfarbss                                  farbss       000000
__Hfardata                                 fardata      000000
__Hheap                                    heap         000000
__Hibigdata                                ibigdata     000000
__Hidata                                   idata        000000
__HidataCOMRAM                             idataCOMRAM  000000
__Hidloc                                   idloc        200008
__Hifardata                                ifardata     000000
__Hinit                                    init         00004A
__Hintcode                                 intcode      00000E
__Hintcode_body                            intcode_body 000000
__Hintcodelo                               intcodelo    000046
__Hintentry                                intentry     000000
__Hintret                                  intret       000000
__Hintsave_regs                            intsave_regs 000000
__Hirdata                                  irdata       000000
__Hmediumconst                             mediumconst  000000
__HnvCOMRAM                                nvCOMRAM     000000
__HnvFARRAM                                nvFARRAM     000000
__Hnvbit                                   nvbit        000000
__Hnvrram                                  nvrram       000000
__Hparam                                   rparam       000000
__Hpowerup                                 powerup      000046
__Hram                                     ram          000000
__Hramtop                                  ramtop       001000
__Hrbit                                    rbit         000000
__Hrbss                                    rbss         000000
__Hrdata                                   rdata        000000
__Hreset_vec                               reset_vec    000004
__Hrparam                                  rparam       000000
__Hsfr                                     sfr          000000
__Hsmallconst                              smallconst   001016
__Hspace_0                                 (abs)        001A58
__Hspace_1                                 (abs)        0000A1
__Hspace_2                                 (abs)        000000
__Hspace_4                                 (abs)        60000E
__Hstack                                   stack        000000
__Hstruct                                  struct       000000
__Htemp                                    temp         00006E
__Htext                                    text         000000
__Htext0                                   text0        000000
__Htext1                                   text1        000000
__Htext10                                  text10       000000
__Htext11                                  text11       000000
__Htext12                                  text12       000000
__Htext13                                  text13       000000
__Htext14                                  text14       000000
__Htext15                                  text15       000000
__Htext17                                  text17       000000
__Htext19                                  text19       000000
__Htext2                                   text2        000000
__Htext20                                  text20       000000
__Htext21                                  text21       000000
__Htext22                                  text22       000000
__Htext23                                  text23       000000
__Htext24                                  text24       000000
__Htext25                                  text25       000000
__Htext26                                  text26       000000
__Htext27                                  text27       000000
__Htext28                                  text28       000000
__Htext29                                  text29       000000
__Htext3                                   text3        000000
__Htext30                                  text30       000000
__Htext4                                   text4        000000
__Htext5                                   text5        000000
__Htext6                                   text6        000000
__Htext7                                   text7        000000
__Htext8                                   text8        000000
__Htext9                                   text9        000000
__LRAM                                     (abs)        000001
__L__absolute__                            __absolute__ 000000
__Labs1                                    abs1         000000
__Lbank0                                   bank0        000000
__Lbank1                                   bank1        000000
__Lbank10                                  bank10       000000
__Lbank11                                  bank11       000000
__Lbank12                                  bank12       000000
__Lbank13                                  bank13       000000
__Lbank14                                  bank14       000000
__Lbank15                                  bank15       000000
__Lbank2                                   bank2        000000
__Lbank3                                   bank3        000000
__Lbank4                                   bank4        000000
__Lbank5                                   bank5        000000
__Lbank6                                   bank6        000000
__Lbank7                                   bank7        000000
__Lbank8                                   bank8        000000
__Lbank9                                   bank9        000000
__Lbigbss                                  bigbss       000000
__Lbigdata                                 bigdata      000000
__Lbigram                                  bigram       000000
__Lbigsfr                                  bigsfr       000000
__Lbss                                     bss          000000
__LbssBANK0                                bssBANK0     000000
__LbssCOMRAM                               bssCOMRAM    000000
__Lcinit                                   cinit        000000
__Lclrtext                                 clrtext      000000
__Lcomram                                  comram       000000
__Lconfig                                  config       000000
__Lconst                                   const        000000
__LcstackBANK0                             cstackBANK0  000000
__LcstackCOMRAM                            cstackCOMRAM 000000
__Ldata                                    data         000000
__LdataCOMRAM                              dataCOMRAM   000000
__Leeprom_data                             eeprom_data  000000
__Lfarbss                                  farbss       000000
__Lfardata                                 fardata      000000
__Lheap                                    heap         000000
__Libigdata                                ibigdata     000000
__Lidata                                   idata        000000
__LidataCOMRAM                             idataCOMRAM  000000
__Lidloc                                   idloc        000000
__Lifardata                                ifardata     000000
__Linit                                    init         000046
__Lintcode                                 intcode      000008
__Lintcode_body                            intcode_body 000000
__Lintcodelo                               intcodelo    000018
__Lintentry                                intentry     000000
__Lintret                                  intret       000000
__Lintsave_regs                            intsave_regs 000000
__Lirdata                                  irdata       000000
__Lmediumconst                             mediumconst  000000
__LnvCOMRAM                                nvCOMRAM     000000
__LnvFARRAM                                nvFARRAM     000000
__Lnvbit                                   nvbit        000000
__Lnvrram                                  nvrram       000000
__Lparam                                   rparam       000000
__Lpowerup                                 powerup      000046
__Lram                                     ram          000000
__Lramtop                                  ramtop       001000
__Lrbit                                    rbit         000000
__Lrbss                                    rbss         000000
__Lrdata                                   rdata        000000
__Lreset_vec                               reset_vec    000000
__Lrparam                                  rparam       000000
__Lsfr                                     sfr          000000
__Lsmallconst                              smallconst   001000
__Lspace_0                                 (abs)        000000
__Lspace_1                                 (abs)        000000
__Lspace_2                                 (abs)        000000
__Lspace_4                                 (abs)        000000
__Lstack                                   stack        000000
__Lstruct                                  struct       000000
__Ltemp                                    temp         00006D
__Ltext                                    text         000000
__Ltext0                                   text0        000000
__Ltext1                                   text1        000000
__Ltext10                                  text10       000000
__Ltext11                                  text11       000000
__Ltext12                                  text12       000000
__Ltext13                                  text13       000000
__Ltext14                                  text14       000000
__Ltext15                                  text15       000000
__Ltext17                                  text17       000000
__Ltext19                                  text19       000000
__Ltext2                                   text2        000000
__Ltext20                                  text20       000000
__Ltext21                                  text21       000000
__Ltext22                                  text22       000000
__Ltext23                                  text23       000000
__Ltext24                                  text24       000000
__Ltext25                                  text25       000000
__Ltext26                                  text26       000000
__Ltext27                                  text27       000000
__Ltext28                                  text28       000000
__Ltext29                                  text29       000000
__Ltext3                                   text3        000000
__Ltext30                                  text30       000000
__Ltext4                                   text4        000000
__Ltext5                                   text5        000000
__Ltext6                                   text6        000000
__Ltext7                                   text7        000000
__Ltext8                                   text8        000000
__Ltext9                                   text9        000000
__S0                                       (abs)        001A58
__S1                                       (abs)        0000A1
__S4                                       (abs)        000000
__S5                                       (abs)        000000
___heap_hi                                 (abs)        000000
___heap_lo                                 (abs)        000000
___inthi_sp                                stack        000000
___intlo_sp                                stack        000000
___param_bank                              (abs)        000000
___rparam_used                             (abs)        000001
___sp                                      stack        000000
__accesstop                                (abs)        000080
__activetblptr                             (abs)        000003
__end_of_INT0_ISR                          text29       001A58
__end_of_INT1_ISR                          text17       001A50
__end_of_INT2_ISR                          text28       001A54
__end_of_InterruptManagerHigh              intcode_body 0014DC
__end_of_InterruptManagerLow               intcodelo    000046
__end_of_TIMER0_ISR                        text20       0018F4
__end_of_TIMER1_ISR                        text19       001A40
__end_of_Timer0_App_ISR                    text22       0018BA
__end_of_Timer0_Mode_Select                text10       001690
__end_of_Timer0_Preload_Config             text9        0019FC
__end_of_Timer0_Prescaler_Config           text8        0017C0
__end_of_Timer0_Register_Size_Config       text7        00187E
__end_of_Timer1_Mode_Select                text5        001604
__end_of_Timer1_Preload_Config             text4        0019EA
__end_of_Timer1_Register_Size_Config       text3        001840
__end_of__initialization                   cinit        0017F8
__end_of_application_initialize            text1        0019D8
__end_of_ecu_layer_initialize              text11       001A30
__end_of_ecu_led_initialize                text12       001958
__end_of_ecu_led_toggle                    text26       0019B2
__end_of_gpio_pin_direction_initialize     text15       001160
__end_of_gpio_pin_initialize               text13       001702
__end_of_gpio_pin_toggle_logic             text27       001578
__end_of_gpio_pin_write_logic              text14       001292
__end_of_keypad_valus                      smallconst   001011
__end_of_main                              text0        001A4C
__end_of_mcal_Timer0_Init                  text6        001426
__end_of_mcal_Timer1_Init                  text2        001364
__end_of_mcal_Timer1_Read_Value            text25       001766
__end_of_mcal_Timer1_Write_Value           text23       001986
__end_ofi2_Timer0_Preload_Config           text21       001A0E
__end_ofi2_Timer1_Preload_Config           text24       001A20
__initialization                           cinit        0017C0
__mediumconst                              mediumconst  000000
__pbssBANK0                                bssBANK0     000080
__pbssCOMRAM                               bssCOMRAM    000034
__pcinit                                   cinit        0017C0
__pcstackBANK0                             cstackBANK0  000091
__pcstackCOMRAM                            cstackCOMRAM 000058
__pdataCOMRAM                              dataCOMRAM   000001
__pidataCOMRAM                             idataCOMRAM  0018F4
__pintcode                                 intcode      000008
__pintcode_body                            intcode_body 001426
__pintcodelo                               intcodelo    000018
__pnvCOMRAM                                nvCOMRAM     00006C
__psmallconst                              smallconst   001000
__ptext0                                   text0        001A40
__ptext1                                   text1        0019B2
__ptext10                                  text10       001604
__ptext11                                  text11       001A20
__ptext12                                  text12       001928
__ptext13                                  text13       001690
__ptext14                                  text14       001160
__ptext15                                  text15       001016
__ptext17                                  text17       001A4C
__ptext19                                  text19       001A30
__ptext2                                   text2        001292
__ptext20                                  text20       0018BA
__ptext21                                  text21       0019FC
__ptext22                                  text22       00187E
__ptext23                                  text23       001958
__ptext24                                  text24       001A0E
__ptext25                                  text25       001702
__ptext26                                  text26       001986
__ptext27                                  text27       0014DC
__ptext28                                  text28       001A50
__ptext29                                  text29       001A54
__ptext3                                   text3        001802
__ptext30                                  text30       000000
__ptext4                                   text4        0019D8
__ptext5                                   text5        001578
__ptext6                                   text6        001364
__ptext7                                   text7        001840
__ptext8                                   text8        001766
__ptext9                                   text9        0019EA
__ramtop                                   ramtop       001000
__smallconst                               smallconst   001000
_application_initialize                    text1        0019B2
_ecu_layer_initialize                      text11       001A20
_ecu_led_initialize                        text12       001928
_ecu_led_toggle                            text26       001986
_freq                                      bssCOMRAM    000056
_gpio_pin_direction_initialize             text15       001016
_gpio_pin_initialize                       text13       001690
_gpio_pin_toggle_logic                     text27       0014DC
_gpio_pin_write_logic                      text14       001160
_keypad_valus                              smallconst   001001
_lat_registers                             dataCOMRAM   00000B
_led_1                                     dataCOMRAM   000033
_main                                      text0        001A40
_mcal_Timer0_Init                          text6        001364
_mcal_Timer1_Init                          text2        001292
_mcal_Timer1_Read_Value                    text25       001702
_mcal_Timer1_Write_Value                   text23       001958
_port_registers                            dataCOMRAM   000001
_ret                                       nvCOMRAM     00006C
_timer0_preload                            bssCOMRAM    00003C
_timer0_timer_obj                          dataCOMRAM   00002C
_timer1_counter_obj                        dataCOMRAM   000025
_timer1_preload                            bssCOMRAM    000038
_tris_registers                            dataCOMRAM   000015
btemp                                      temp         00006D
ecu_led_initialize@_led_config             cstackBANK0  00009E
ecu_led_initialize@ret                     cstackBANK0  0000A0
ecu_led_toggle@_led_config                 cstackCOMRAM 000060
ecu_led_toggle@ret                         cstackCOMRAM 000062
end_of_initialization                      cinit        0017F8
gpio_pin_direction_initialize@_pin_config  cstackCOMRAM 00006A
gpio_pin_direction_initialize@ret          cstackBANK0  000097
gpio_pin_initialize@_pin_config            cstackBANK0  00009A
gpio_pin_initialize@ret                    cstackBANK0  00009D
gpio_pin_toggle_logic@_pin_config          cstackCOMRAM 000058
gpio_pin_toggle_logic@ret                  cstackCOMRAM 00005F
gpio_pin_write_logic@_pin_config           cstackBANK0  000091
gpio_pin_write_logic@logic                 cstackBANK0  000093
gpio_pin_write_logic@ret                   cstackCOMRAM 00006A
i2Timer0_Preload_Config@preload_value      cstackCOMRAM 000058
i2Timer1_Preload_Config@preload_value      cstackCOMRAM 000058
i2_Timer0_Preload_Config                   text21       0019FC
i2_Timer1_Preload_Config                   text24       001A0E
int$flags                                  temp         00006D
int_func                                   intcode_body 001426
intlevel0                                  text         000000
intlevel1                                  text         000000
intlevel2                                  text         000000
intlevel3                                  text         000000
isa$std                                    (abs)        000001
isa$xinst                                  (abs)        000000
mcal_Timer0_Init@_timer0_config            cstackBANK0  00009B
mcal_Timer0_Init@ret                       cstackBANK0  00009E
mcal_Timer1_Init@_timer1_config            cstackBANK0  00009B
mcal_Timer1_Init@ret                       cstackBANK0  00009E
mcal_Timer1_Read_Value@_timer1_config      cstackCOMRAM 000058
mcal_Timer1_Read_Value@l_tmr1H             cstackCOMRAM 000060
mcal_Timer1_Read_Value@l_tmr1L             cstackCOMRAM 00005F
mcal_Timer1_Read_Value@ret                 cstackCOMRAM 00005E
mcal_Timer1_Read_Value@value               cstackCOMRAM 00005A
mcal_Timer1_Write_Value@_timer1_config     cstackCOMRAM 00005A
mcal_Timer1_Write_Value@ret                cstackCOMRAM 00005E
mcal_Timer1_Write_Value@value              cstackCOMRAM 00005C
stackhi                                    (abs)        000000
stacklo                                    (abs)        000000
start                                      init         000046
start_initialization                       cinit        0017C0
ttemp5                                     temp         00006E
ttemp6                                     temp         000071
ttemp7                                     temp         000075
wtemp8                                     temp         00006E


MODULE INFORMATION

Module		Function		Class		Link	Load	Size
MCAL_Layer/Timer0/mcal_timer0.c
		_Timer0_Register_Size_Config		CODE           	1840	0000	62
		_mcal_Timer0_Init		CODE           	1364	0000	194
		_Timer0_Prescaler_Config		CODE           	1766	0000	90
		_Timer0_Preload_Config		CODE           	19EA	0000	18
		_Timer0_Mode_Select		CODE           	1604	0000	140
		_TIMER0_ISR    		CODE           	18BA	0000	58

MCAL_Layer/Timer0/mcal_timer0.c estimated size: 562

MCAL_Layer/Timer1/mcal_timer1.c
		_Timer1_Mode_Select		CODE           	1578	0000	140
		_TIMER1_ISR    		CODE           	1A30	0000	16
		_Timer1_Register_Size_Config		CODE           	1802	0000	62
		_mcal_Timer1_Init		CODE           	1292	0000	210
		_mcal_Timer1_Read_Value		CODE           	1702	0000	100
		_mcal_Timer1_Write_Value		CODE           	1958	0000	46
		_Timer1_Preload_Config		CODE           	19D8	0000	18

MCAL_Layer/Timer1/mcal_timer1.c estimated size: 592

shared
		__initialization		CODE           	17C0	0000	56
		i2_Timer0_Preload_Config		CODE           	19FC	0000	18
		i2_Timer1_Preload_Config		CODE           	1A0E	0000	18
		_keypad_valus  		SMALLCONST     	1001	0000	16

shared estimated size: 108

MCAL_Layer/Interrupt/mcal_external_interrupt.c
		_INT0_ISR      		CODE           	1A54	0000	4
		_INT1_ISR      		CODE           	1A4C	0000	4
		_INT2_ISR      		CODE           	1A50	0000	4

MCAL_Layer/Interrupt/mcal_external_interrupt.c estimated size: 12

MCAL_Layer/Interrupt/mcal_interrupt_manager.c
		_InterruptManagerLow		CODE           	0018	0000	46
		_InterruptManagerHigh		CODE           	0008	0000	188

MCAL_Layer/Interrupt/mcal_interrupt_manager.c estimated size: 234

ECU_Layer/LED/ecu_led.c
		_ecu_led_initialize		CODE           	1928	0000	48
		_ecu_led_toggle		CODE           	1986	0000	44

ECU_Layer/LED/ecu_led.c estimated size: 92

ECU_Layer/ecu_layer_init.c
		_ecu_layer_initialize		CODE           	1A20	0000	16

ECU_Layer/ecu_layer_init.c estimated size: 16

MCAL_Layer/GPIO/mcal_gpio.c
		_gpio_pin_write_logic		CODE           	1160	0000	306
		_gpio_pin_direction_initialize		CODE           	1016	0000	330
		_gpio_pin_toggle_logic		CODE           	14DC	0000	156
		_gpio_pin_initialize		CODE           	1690	0000	114

MCAL_Layer/GPIO/mcal_gpio.c estimated size: 906

application.c
		_application_initialize		CODE           	19B2	0000	38
		_main          		CODE           	1A40	0000	12
		_Timer0_App_ISR		CODE           	187E	0000	60

application.c estimated size: 110

